Archive member included to satisfy reference by file (symbol)

/Users/fezhou/Library/Application Support/Code/User/globalStorage/vexrobotics.vexcode/sdk/cpp/V5/V5_20240802_15_00_00/vexv5/libv5rt.a(v5_startup.c.obj)
                              (vexStartup)
/Users/fezhou/Library/Application Support/Code/User/globalStorage/vexrobotics.vexcode/sdk/cpp/V5/V5_20240802_15_00_00/vexv5/libv5rt.a(v5_util.c.obj)
                              /Users/fezhou/Library/Application Support/Code/User/globalStorage/vexrobotics.vexcode/sdk/cpp/V5/V5_20240802_15_00_00/vexv5/libv5rt.a(v5_startup.c.obj) (vexStdlibVersionLinked)
/Users/fezhou/Library/Application Support/Code/User/globalStorage/vexrobotics.vexcode/sdk/cpp/V5/V5_20240802_15_00_00/vexv5/libv5rt.a(v5_apijump.c.obj)
                              /Users/fezhou/Library/Application Support/Code/User/globalStorage/vexrobotics.vexcode/sdk/cpp/V5/V5_20240802_15_00_00/vexv5/libv5rt.a(v5_startup.c.obj) (vexPrivateApiEnable)
/Users/fezhou/Library/Application Support/Code/User/globalStorage/vexrobotics.vexcode/sdk/cpp/V5/V5_20240802_15_00_00/vexv5/libv5rt.a(v5_apiversions.c.obj)
                              /Users/fezhou/Library/Application Support/Code/User/globalStorage/vexrobotics.vexcode/sdk/cpp/V5/V5_20240802_15_00_00/vexv5/libv5rt.a(v5_apijump.c.obj) (vexSystemVersion)
/Users/fezhou/Library/Application Support/Code/User/globalStorage/vexrobotics.vexcode/sdk/cpp/V5/V5_20240802_15_00_00/vexv5/libv5rt.a(vex_global.cpp.obj)
                              build/src/main.o (vex::wait(double, vex::timeUnits))
/Users/fezhou/Library/Application Support/Code/User/globalStorage/vexrobotics.vexcode/sdk/cpp/V5/V5_20240802_15_00_00/vexv5/libv5rt.a(vex_motor.cpp.obj)
                              build/src/robot-config.o (vex::motor::~motor())
/Users/fezhou/Library/Application Support/Code/User/globalStorage/vexrobotics.vexcode/sdk/cpp/V5/V5_20240802_15_00_00/vexv5/libv5rt.a(vex_imu.cpp.obj)
                              build/src/robot-config.o (vex::inertial::~inertial())
/Users/fezhou/Library/Application Support/Code/User/globalStorage/vexrobotics.vexcode/sdk/cpp/V5/V5_20240802_15_00_00/vexv5/libv5rt.a(vex_optical.cpp.obj)
                              build/src/robot-config.o (vex::optical::~optical())
/Users/fezhou/Library/Application Support/Code/User/globalStorage/vexrobotics.vexcode/sdk/cpp/V5/V5_20240802_15_00_00/vexv5/libv5rt.a(vex_controller.cpp.obj)
                              build/src/robot-config.o (vex::controller::~controller())
/Users/fezhou/Library/Application Support/Code/User/globalStorage/vexrobotics.vexcode/sdk/cpp/V5/V5_20240802_15_00_00/vexv5/libv5rt.a(vex_thread.cpp.obj)
                              build/src/main.o (vex::thread::thread(int (*)()))
/Users/fezhou/Library/Application Support/Code/User/globalStorage/vexrobotics.vexcode/sdk/cpp/V5/V5_20240802_15_00_00/vexv5/libv5rt.a(vex_event.cpp.obj)
                              /Users/fezhou/Library/Application Support/Code/User/globalStorage/vexrobotics.vexcode/sdk/cpp/V5/V5_20240802_15_00_00/vexv5/libv5rt.a(vex_imu.cpp.obj) (vex::event::init(unsigned long, unsigned long, void (*)()))
/Users/fezhou/Library/Application Support/Code/User/globalStorage/vexrobotics.vexcode/sdk/cpp/V5/V5_20240802_15_00_00/vexv5/libv5rt.a(vex_mevent.cpp.obj)
                              /Users/fezhou/Library/Application Support/Code/User/globalStorage/vexrobotics.vexcode/sdk/cpp/V5/V5_20240802_15_00_00/vexv5/libv5rt.a(vex_controller.cpp.obj) (vex::mevent::mevent(unsigned long, unsigned long))
/Users/fezhou/Library/Application Support/Code/User/globalStorage/vexrobotics.vexcode/sdk/cpp/V5/V5_20240802_15_00_00/vexv5/libv5rt.a(vex_brain.cpp.obj)
                              build/src/GPS.o (vex::brain::lcd::setCursor(long, long))
/Users/fezhou/Library/Application Support/Code/User/globalStorage/vexrobotics.vexcode/sdk/cpp/V5/V5_20240802_15_00_00/vexv5/libv5rt.a(vex_competition.cpp.obj)
                              build/src/main.o (vex::competition::competition())
/Users/fezhou/Library/Application Support/Code/User/globalStorage/vexrobotics.vexcode/sdk/cpp/V5/V5_20240802_15_00_00/vexv5/libv5rt.a(vex_triport.cpp.obj)
                              /Users/fezhou/Library/Application Support/Code/User/globalStorage/vexrobotics.vexcode/sdk/cpp/V5/V5_20240802_15_00_00/vexv5/libv5rt.a(vex_brain.cpp.obj) (vex::triport::~triport())
/Users/fezhou/Library/Application Support/Code/User/globalStorage/vexrobotics.vexcode/sdk/cpp/V5/V5_20240802_15_00_00/vexv5/libv5rt.a(vex_color.cpp.obj)
                              build/src/GPS.o (vex::color::~color())
/Users/fezhou/Library/Application Support/Code/User/globalStorage/vexrobotics.vexcode/sdk/cpp/V5/V5_20240802_15_00_00/vexv5/libv5rt.a(vex_timer.cpp.obj)
                              /Users/fezhou/Library/Application Support/Code/User/globalStorage/vexrobotics.vexcode/sdk/cpp/V5/V5_20240802_15_00_00/vexv5/libv5rt.a(vex_brain.cpp.obj) (vex::timer::~timer())
[...]
Memory Configuration

Name             Origin             Length             Attributes
ps7_ddr_0_S_AXI_BASEADDR 0x0000000003800000 0x0000000004800000
*default*        0x0000000000000000 0xffffffffffffffff

Linker script and memory map

                0x0000000000002000                _STACK_SIZE = DEFINED (_STACK_SIZE)?_STACK_SIZE:0x2000
                0x0000000000100000                _HEAP_SIZE = DEFINED (_HEAP_SIZE)?_HEAP_SIZE:0x100000
                0x0000000000000400                _ABORT_STACK_SIZE = DEFINED (_ABORT_STACK_SIZE)?_ABORT_STACK_SIZE:0x400
                0x0000000000000800                _SUPERVISOR_STACK_SIZE = DEFINED (_SUPERVISOR_STACK_SIZE)?_SUPERVISOR_STACK_SIZE:0x800
                0x0000000000000400                _IRQ_STACK_SIZE = DEFINED (_IRQ_STACK_SIZE)?_IRQ_STACK_SIZE:0x400
                0x0000000000000400                _FIQ_STACK_SIZE = DEFINED (_FIQ_STACK_SIZE)?_FIQ_STACK_SIZE:0x400
                0x0000000000000400                _UNDEF_STACK_SIZE = DEFINED (_UNDEF_STACK_SIZE)?_UNDEF_STACK_SIZE:0x400

.text           0x0000000003800000     0x77d8
 *(.vectors)
 *(.boot_data)
 .boot_data     0x0000000003800000       0x20 /Users/fezhou/Library/Application Support/Code/User/globalStorage/vexrobotics.vexcode/sdk/cpp/V5/V5_20240802_15_00_00/vexv5/libv5rt.a(v5_startup.c.obj)
                0x0000000003800000                vexCodeSig
                0x0000000000000020                . = 0x20
 *(.boot)
 .boot          0x0000000003800020       0xbc /Users/fezhou/Library/Application Support/Code/User/globalStorage/vexrobotics.vexcode/sdk/cpp/V5/V5_20240802_15_00_00/vexv5/libv5rt.a(v5_startup.c.obj)
                0x0000000003800020                vexStartup
                0x0000000003800100                . = ALIGN (0x40)
 *fill*         0x00000000038000dc       0x24 
 *(.freertos_vectors)
 *(.text)
 *(.text.*)
 .text._ZN3GPSC2Ev
                0x0000000003800100        0x4 build/src/GPS.o
                0x0000000003800100                GPS::GPS()
                0x0000000003800100                GPS::GPS()
 .text._ZN3GPS18resetForwardPosGpsEv
                0x0000000003800104       0x20 build/src/GPS.o
                0x0000000003800104                GPS::resetForwardPosGps()
 .text._ZN3GPS8calThetaEffi
                0x0000000003800124       0x80 build/src/GPS.o
                0x0000000003800124                GPS::calTheta(float, float, int)
 .text._ZN3GPS20updateGpsOdometerPosEv
                0x00000000038001a4      0x2c4 build/src/GPS.o
                0x00000000038001a4                GPS::updateGpsOdometerPos()
 .text._ZN3GPS13updateCrtParaEv
                0x0000000003800468      0x328 build/src/GPS.o
                0x0000000003800468                GPS::updateCrtPara()
 .text._ZN3GPS10gpsPIDMoveEffiiSs
                0x0000000003800790      0x160 build/src/GPS.o
                0x0000000003800790                GPS::gpsPIDMove(float, float, int, int, std::string)
 .text._Z8MyGpsPosv
                0x00000000038008f0       0x18 build/src/GPS.o
                0x00000000038008f0                MyGpsPos()
 .text._GLOBAL__sub_I_GPS.cpp
                0x0000000003800908       0xb4 build/src/GPS.o
 .text._ZN3PIDC2Ev
                0x00000000038009bc       0x68 build/src/PID.o
                0x00000000038009bc                PID::PID()
                0x00000000038009bc                PID::PID()
 .text._ZN3PID14setCoefficientEfff
                0x0000000003800a24        0xc build/src/PID.o
                0x0000000003800a24                PID::setCoefficient(float, float, float)
 .text._ZN3PID9setTargetEf
                0x0000000003800a30        0x8 build/src/PID.o
                0x0000000003800a30                PID::setTarget(float)
 .text._ZN3PID7setIMaxEf
                0x0000000003800a38        0x8 build/src/PID.o
                0x0000000003800a38                PID::setIMax(float)
 .text._ZN3PID9setIRangeEf
                0x0000000003800a40        0x8 build/src/PID.o
                0x0000000003800a40                PID::setIRange(float)
 .text._ZN3PID17setErrorToleranceEf
                0x0000000003800a48        0x8 build/src/PID.o
                0x0000000003800a48                PID::setErrorTolerance(float)
 .text._ZN3PID13setDToleranceEf
                0x0000000003800a50        0x8 build/src/PID.o
                0x0000000003800a50                PID::setDTolerance(float)
 .text._ZN3PID11setJumpTimeEf
                0x0000000003800a58        0x8 build/src/PID.o
                0x0000000003800a58                PID::setJumpTime(float)
 .text._ZN3PID13targetArrivedEv
                0x0000000003800a60        0x8 build/src/PID.o
                0x0000000003800a60                PID::targetArrived()
 .text._ZN3PID9getOutputEv
                0x0000000003800a68        0x8 build/src/PID.o
                0x0000000003800a68                PID::getOutput()
 .text._ZN3PID7setTypeESs
                0x0000000003800a70        0x8 build/src/PID.o
                0x0000000003800a70                PID::setType(std::string)
 .text._ZN3PID6updateEf
                0x0000000003800a78      0x1d4 build/src/PID.o
                0x0000000003800a78                PID::update(float)
 .text._GLOBAL__sub_I_PID.cpp
                0x0000000003800c4c       0x74 build/src/PID.o
 .text._Z24posForwardRelWithHeadingfff
                0x0000000003800cc0       0xe0 build/src/auton-functions.o
                0x0000000003800cc0                posForwardRelWithHeading(float, float, float)
 .text._Z24posForwardAbsWithHeadingfff
                0x0000000003800da0       0x64 build/src/auton-functions.o
                0x0000000003800da0                posForwardAbsWithHeading(float, float, float)
 .text._Z16PIDPosForwardAbsf
                0x0000000003800e04      0x15c build/src/auton-functions.o
                0x0000000003800e04                PIDPosForwardAbs(float)
 .text._Z16PIDPosForwardRelf
                0x0000000003800f60       0x2c build/src/auton-functions.o
                0x0000000003800f60                PIDPosForwardRel(float)
 .text._Z21softStartTimerForwardffi
                0x0000000003800f8c       0x94 build/src/auton-functions.o
                0x0000000003800f8c                softStartTimerForward(float, float, int)
 .text._Z17PIDAngleRotateAbsfffff
                0x0000000003801020      0x1b0 build/src/auton-functions.o
                0x0000000003801020                PIDAngleRotateAbs(float, float, float, float, float)
 .text._Z12setAutonModev
                0x00000000038011d0        0x4 build/src/auton-functions.o
                0x00000000038011d0                setAutonMode()
 .text._GLOBAL__sub_I_auton_functions.cpp
                0x00000000038011d4       0x98 build/src/auton-functions.o
 .text._Z18auton_negative_redv
                0x000000000380126c      0x4dc build/src/autonomous.o
                0x000000000380126c                auton_negative_red()
 .text._Z13auton_AWP_redv
                0x0000000003801748      0x380 build/src/autonomous.o
                0x0000000003801748                auton_AWP_red()
 .text._Z18auton_positive_redv
                0x0000000003801ac8      0x364 build/src/autonomous.o
                0x0000000003801ac8                auton_positive_red()
 .text._Z24auton_positive_stake_redv
                0x0000000003801e2c      0x308 build/src/autonomous.o
                0x0000000003801e2c                auton_positive_stake_red()
 .text._Z25auton_positive_stake_bluev
                0x0000000003802134      0x308 build/src/autonomous.o
                0x0000000003802134                auton_positive_stake_blue()
 .text._Z19auton_negative_bluev
                0x000000000380243c      0x464 build/src/autonomous.o
                0x000000000380243c                auton_negative_blue()
 .text._Z14auton_AWP_bluev
                0x00000000038028a0      0x380 build/src/autonomous.o
                0x00000000038028a0                auton_AWP_blue()
 .text._Z19auton_positive_bluev
                0x0000000003802c20      0x364 build/src/autonomous.o
                0x0000000003802c20                auton_positive_blue()
 .text._Z8runAutoni
                0x0000000003802f84       0xa4 build/src/autonomous.o
                0x0000000003802f84                runAuton(int)
 .text._GLOBAL__sub_I_autonomous.cpp
                0x0000000003803028       0xa4 build/src/autonomous.o
 .text._Z12autonFlipperb
                0x00000000038030cc       0x10 build/src/basic-function.o
                0x00000000038030cc                autonFlipper(bool)
 .text._Z4abbsf
                0x00000000038030dc       0x1c build/src/basic-function.o
                0x00000000038030dc                abbs(float)
 .text._Z7deg2radf
                0x00000000038030f8       0x38 build/src/basic-function.o
                0x00000000038030f8                deg2rad(float)
 .text._Z7rad2degf
                0x0000000003803130       0x24 build/src/basic-function.o
                0x0000000003803130                rad2deg(float)
 .text._Z4sqrff
                0x0000000003803154       0x10 build/src/basic-function.o
                0x0000000003803154                sqrf(float)
 .text._Z4signf
                0x0000000003803164       0x1c build/src/basic-function.o
                0x0000000003803164                sign(float)
 .text._Z9deg2rangef
                0x0000000003803180       0x6c build/src/basic-function.o
                0x0000000003803180                deg2range(float)
 .text._Z8moveLeftf
                0x00000000038031ec       0xb8 build/src/basic-function.o
                0x00000000038031ec                moveLeft(float)
 .text._Z10unlockLeftv
                0x00000000038032a4       0x3c build/src/basic-function.o
                0x00000000038032a4                unlockLeft()
 .text._Z9moveRightf
                0x00000000038032e0       0xb8 build/src/basic-function.o
                0x00000000038032e0                moveRight(float)
 .text._Z11unlockRightv
                0x0000000003803398       0x3c build/src/basic-function.o
                0x0000000003803398                unlockRight()
 .text._Z11moveForwardf
                0x00000000038033d4       0x1c build/src/basic-function.o
                0x00000000038033d4                moveForward(float)
 .text._Z13moveClockwisef
                0x00000000038033f0       0x1c build/src/basic-function.o
                0x00000000038033f0                moveClockwise(float)
 .text._Z10unlockBasev
                0x000000000380340c       0x14 build/src/basic-function.o
                0x000000000380340c                unlockBase()
 .text._Z9getCrtVelv
                0x0000000003803420       0x5c build/src/basic-function.o
                0x0000000003803420                getCrtVel()
 *fill*         0x000000000380347c        0x4 
 .text._Z10getLeftPosv
                0x0000000003803480       0x98 build/src/basic-function.o
                0x0000000003803480                getLeftPos()
 .text._Z11getRightPosv
                0x0000000003803518       0x98 build/src/basic-function.o
                0x0000000003803518                getRightPos()
 .text._Z13getForwardPosv
                0x00000000038035b0       0x34 build/src/basic-function.o
                0x00000000038035b0                getForwardPos()
 *fill*         0x00000000038035e4        0x4 
 .text._Z17getForwardOdoXPosv
                0x00000000038035e8       0x50 build/src/basic-function.o
                0x00000000038035e8                getForwardOdoXPos()
 .text._Z17getForwardOdoYPosv
                0x0000000003803638       0x50 build/src/basic-function.o
                0x0000000003803638                getForwardOdoYPos()
 .text._Z12resetLeftPosv
                0x0000000003803688       0x90 build/src/basic-function.o
                0x0000000003803688                resetLeftPos()
 .text._Z13resetRightPosv
                0x0000000003803718       0x90 build/src/basic-function.o
                0x0000000003803718                resetRightPos()
 .text._Z15resetForwardPosv
                0x00000000038037a8       0x14 build/src/basic-function.o
                0x00000000038037a8                resetForwardPos()
 .text._Z10getHeadingv
                0x00000000038037bc       0x3c build/src/basic-function.o
                0x00000000038037bc                getHeading()
 .text._Z12resetHeadingv
                0x00000000038037f8       0x28 build/src/basic-function.o
                0x00000000038037f8                resetHeading()
 .text._Z8getPitchv
                0x0000000003803820       0x28 build/src/basic-function.o
                0x0000000003803820                getPitch()
 .text._Z6intakev
                0x0000000003803848       0x54 build/src/basic-function.o
                0x0000000003803848                intake()
 .text._Z14setIntakeSpeedf
                0x000000000380389c       0x10 build/src/basic-function.o
                0x000000000380389c                setIntakeSpeed(float)
 .text._Z3armv  0x00000000038038ac       0x54 build/src/basic-function.o
                0x00000000038038ac                arm()
 .text._Z11setArmSpeedf
                0x0000000003803900       0x10 build/src/basic-function.o
                0x0000000003803900                setArmSpeed(float)
 .text._Z6ArmPIDffff
                0x0000000003803910      0x1ec build/src/basic-function.o
                0x0000000003803910                ArmPID(float, float, float, float)
 .text._Z9WallStakev
                0x0000000003803afc       0x44 build/src/basic-function.o
                0x0000000003803afc                WallStake()
 .text._Z6setArmb
                0x0000000003803b40       0x58 build/src/basic-function.o
                0x0000000003803b40                setArm(bool)
 .text._Z9setIntakeb
                0x0000000003803b98       0x20 build/src/basic-function.o
                0x0000000003803b98                setIntake(bool)
 .text._Z8setClampb
                0x0000000003803bb8       0x20 build/src/basic-function.o
                0x0000000003803bb8                setClamp(bool)
 .text._Z8setClimbb
                0x0000000003803bd8       0x20 build/src/basic-function.o
                0x0000000003803bd8                setClimb(bool)
 .text._Z8conveyorv
                0x0000000003803bf8       0x54 build/src/basic-function.o
                0x0000000003803bf8                conveyor()
 .text._Z16setConveyorSpeedf
                0x0000000003803c4c       0x10 build/src/basic-function.o
                0x0000000003803c4c                setConveyorSpeed(float)
 .text._GLOBAL__sub_I_basic_function.cpp
                0x0000000003803c5c       0xb4 build/src/basic-function.o
 .text._Z10autonomousv
                0x0000000003803d10       0x10 build/src/main.o
                0x0000000003803d10                autonomous()
 .text._Z11usercontrolv
                0x0000000003803d20      0x558 build/src/main.o
                0x0000000003803d20                usercontrol()
 .text.main     0x0000000003804278       0xf8 build/src/main.o
                0x0000000003804278                main
 .text._GLOBAL__sub_I_main.cpp
                0x0000000003804370       0xc8 build/src/main.o
 .text._ZN7MyTimerC2Ev
                0x0000000003804438       0x30 build/src/my-timer.o
                0x0000000003804438                MyTimer::MyTimer()
                0x0000000003804438                MyTimer::MyTimer()
 .text._ZN7MyTimer5resetEv
                0x0000000003804468       0x2c build/src/my-timer.o
                0x0000000003804468                MyTimer::reset()
 *fill*         0x0000000003804494        0x4 
 .text._ZNK7MyTimer7getTimeEv
                0x0000000003804498       0x58 build/src/my-timer.o
                0x0000000003804498                MyTimer::getTime() const
 .text._Z11vexcodeInitv
                0x00000000038044f0        0x4 build/src/robot-config.o
                0x00000000038044f0                vexcodeInit()
 .text._GLOBAL__sub_I_robot_config.cpp
                0x00000000038044f4      0x3c0 build/src/robot-config.o
 .text._Z5skillv
                0x00000000038048b4      0x720 build/src/skill.o
                0x00000000038048b4                skill()
 .text._Z8runSkillv
                0x0000000003804fd4       0x1c build/src/skill.o
                0x0000000003804fd4                runSkill()
 .text._GLOBAL__sub_I_skill.cpp
                0x0000000003804ff0       0xa4 build/src/skill.o
 .text.vexMain  0x0000000003805094       0xb0 /Users/fezhou/Library/Application Support/Code/User/globalStorage/vexrobotics.vexcode/sdk/cpp/V5/V5_20240802_15_00_00/vexv5/libv5rt.a(v5_startup.c.obj)
                0x0000000003805094                vexMain
 .text.__vex_function_prolog
                0x0000000003805144       0x18 /Users/fezhou/Library/Application Support/Code/User/globalStorage/vexrobotics.vexcode/sdk/cpp/V5/V5_20240802_15_00_00/vexv5/libv5rt.a(v5_startup.c.obj)
                0x0000000003805144                __vex_function_prolog
 .text._init    0x000000000380515c        0x4 /Users/fezhou/Library/Application Support/Code/User/globalStorage/vexrobotics.vexcode/sdk/cpp/V5/V5_20240802_15_00_00/vexv5/libv5rt.a(v5_startup.c.obj)
                0x000000000380515c                _init
 .text._fini    0x0000000003805160        0x4 /Users/fezhou/Library/Application Support/Code/User/globalStorage/vexrobotics.vexcode/sdk/cpp/V5/V5_20240802_15_00_00/vexv5/libv5rt.a(v5_startup.c.obj)
                0x0000000003805160                _fini
 .text.vexStdlibVersionLinked
                0x0000000003805164        0xc /Users/fezhou/Library/Application Support/Code/User/globalStorage/vexrobotics.vexcode/sdk/cpp/V5/V5_20240802_15_00_00/vexv5/libv5rt.a(v5_util.c.obj)
                0x0000000003805164                vexStdlibVersionLinked
 .text.vexStdlibVersionVerify
                0x0000000003805170       0x30 /Users/fezhou/Library/Application Support/Code/User/globalStorage/vexrobotics.vexcode/sdk/cpp/V5/V5_20240802_15_00_00/vexv5/libv5rt.a(v5_util.c.obj)
                0x0000000003805170                vexStdlibVersionVerify
 .text.vexPrivateApiEnable
                0x00000000038051a0       0x10 /Users/fezhou/Library/Application Support/Code/User/globalStorage/vexrobotics.vexcode/sdk/cpp/V5/V5_20240802_15_00_00/vexv5/libv5rt.a(v5_apijump.c.obj)
                0x00000000038051a0                vexPrivateApiEnable
 .text.vexStdlibMismatchError
                0x00000000038051b0       0x3c /Users/fezhou/Library/Application Support/Code/User/globalStorage/vexrobotics.vexcode/sdk/cpp/V5/V5_20240802_15_00_00/vexv5/libv5rt.a(v5_apijump.c.obj)
                0x00000000038051b0                vexStdlibMismatchError
 .text.vexTaskAdd
                0x00000000038051ec       0x10 /Users/fezhou/Library/Application Support/Code/User/globalStorage/vexrobotics.vexcode/sdk/cpp/V5/V5_20240802_15_00_00/vexv5/libv5rt.a(v5_apijump.c.obj)
                0x00000000038051ec                vexTaskAdd
 .text.vexTasksRun
                0x00000000038051fc       0x10 /Users/fezhou/Library/Application Support/Code/User/globalStorage/vexrobotics.vexcode/sdk/cpp/V5/V5_20240802_15_00_00/vexv5/libv5rt.a(v5_apijump.c.obj)
                0x00000000038051fc                vexTasksRun
 .text.vexTaskYield
                0x000000000380520c       0x10 /Users/fezhou/Library/Application Support/Code/User/globalStorage/vexrobotics.vexcode/sdk/cpp/V5/V5_20240802_15_00_00/vexv5/libv5rt.a(v5_apijump.c.obj)
                0x000000000380520c                vexTaskYield
 .text.vexTaskCheckTimeslice
                0x000000000380521c       0x10 /Users/fezhou/Library/Application Support/Code/User/globalStorage/vexrobotics.vexcode/sdk/cpp/V5/V5_20240802_15_00_00/vexv5/libv5rt.a(v5_apijump.c.obj)
                0x000000000380521c                vexTaskCheckTimeslice
 .text.vexTaskSleep
                0x000000000380522c       0x10 /Users/fezhou/Library/Application Support/Code/User/globalStorage/vexrobotics.vexcode/sdk/cpp/V5/V5_20240802_15_00_00/vexv5/libv5rt.a(v5_apijump.c.obj)
                0x000000000380522c                vexTaskSleep
 .text.vexTasksDump
                0x000000000380523c       0x1c /Users/fezhou/Library/Application Support/Code/User/globalStorage/vexrobotics.vexcode/sdk/cpp/V5/V5_20240802_15_00_00/vexv5/libv5rt.a(v5_apijump.c.obj)
                0x000000000380523c                vexTasksDump
 .text.vexTaskGetTaskIndex
                0x0000000003805258       0x10 /Users/fezhou/Library/Application Support/Code/User/globalStorage/vexrobotics.vexcode/sdk/cpp/V5/V5_20240802_15_00_00/vexv5/libv5rt.a(v5_apijump.c.obj)
                0x0000000003805258                vexTaskGetTaskIndex
 .text.vexTaskStopAll
                0x0000000003805268       0x10 /Users/fezhou/Library/Application Support/Code/User/globalStorage/vexrobotics.vexcode/sdk/cpp/V5/V5_20240802_15_00_00/vexv5/libv5rt.a(v5_apijump.c.obj)
                0x0000000003805268                vexTaskStopAll
 .text.vexTaskRemoveAllUser
                0x0000000003805278       0x34 /Users/fezhou/Library/Application Support/Code/User/globalStorage/vexrobotics.vexcode/sdk/cpp/V5/V5_20240802_15_00_00/vexv5/libv5rt.a(v5_apijump.c.obj)
                0x0000000003805278                vexTaskRemoveAllUser
 .text.vexTaskCompletionIdSet
                0x00000000038052ac       0x10 /Users/fezhou/Library/Application Support/Code/User/globalStorage/vexrobotics.vexcode/sdk/cpp/V5/V5_20240802_15_00_00/vexv5/libv5rt.a(v5_apijump.c.obj)
                0x00000000038052ac                vexTaskCompletionIdSet
 .text.vexTaskStopWithId
                0x00000000038052bc       0x10 /Users/fezhou/Library/Application Support/Code/User/globalStorage/vexrobotics.vexcode/sdk/cpp/V5/V5_20240802_15_00_00/vexv5/libv5rt.a(v5_apijump.c.obj)
                0x00000000038052bc                vexTaskStopWithId
 .text.vexCriticalSection
                0x00000000038052cc       0x2c /Users/fezhou/Library/Application Support/Code/User/globalStorage/vexrobotics.vexcode/sdk/cpp/V5/V5_20240802_15_00_00/vexv5/libv5rt.a(v5_apijump.c.obj)
                0x00000000038052cc                vexCriticalSection
 .text.vexEventAdd
                0x00000000038052f8       0x34 /Users/fezhou/Library/Application Support/Code/User/globalStorage/vexrobotics.vexcode/sdk/cpp/V5/V5_20240802_15_00_00/vexv5/libv5rt.a(v5_apijump.c.obj)
                0x00000000038052f8                vexEventAdd
 .text.vexEventUserIndexGet
                0x000000000380532c       0x1c /Users/fezhou/Library/Application Support/Code/User/globalStorage/vexrobotics.vexcode/sdk/cpp/V5/V5_20240802_15_00_00/vexv5/libv5rt.a(v5_apijump.c.obj)
                0x000000000380532c                vexEventUserIndexGet
 .text.vexEventAddWithArg
                0x0000000003805348       0x3c /Users/fezhou/Library/Application Support/Code/User/globalStorage/vexrobotics.vexcode/sdk/cpp/V5/V5_20240802_15_00_00/vexv5/libv5rt.a(v5_apijump.c.obj)
                0x0000000003805348                vexEventAddWithArg
 .text.vexEventsCleanup
                0x0000000003805384       0x2c /Users/fezhou/Library/Application Support/Code/User/globalStorage/vexrobotics.vexcode/sdk/cpp/V5/V5_20240802_15_00_00/vexv5/libv5rt.a(v5_apijump.c.obj)
                0x0000000003805384                vexEventsCleanup
 .text.vexDebug
                0x00000000038053b0       0x38 /Users/fezhou/Library/Application Support/Code/User/globalStorage/vexrobotics.vexcode/sdk/cpp/V5/V5_20240802_15_00_00/vexv5/libv5rt.a(v5_apijump.c.obj)
                0x00000000038053b0                vexDebug
 .text.vex_sprintf
                0x00000000038053e8       0x40 /Users/fezhou/Library/Application Support/Code/User/globalStorage/vexrobotics.vexcode/sdk/cpp/V5/V5_20240802_15_00_00/vexv5/libv5rt.a(v5_apijump.c.obj)
                0x00000000038053e8                vex_sprintf
 .text.vex_vsnprintf
                0x0000000003805428       0x3c /Users/fezhou/Library/Application Support/Code/User/globalStorage/vexrobotics.vexcode/sdk/cpp/V5/V5_20240802_15_00_00/vexv5/libv5rt.a(v5_apijump.c.obj)
                0x0000000003805428                vex_vsnprintf
 .text.vexSystemTimeGet
                0x0000000003805464       0x1c /Users/fezhou/Library/Application Support/Code/User/globalStorage/vexrobotics.vexcode/sdk/cpp/V5/V5_20240802_15_00_00/vexv5/libv5rt.a(v5_apijump.c.obj)
                0x0000000003805464                vexSystemTimeGet
 .text.vexSystemExitRequest
                0x0000000003805480       0x1c /Users/fezhou/Library/Application Support/Code/User/globalStorage/vexrobotics.vexcode/sdk/cpp/V5/V5_20240802_15_00_00/vexv5/libv5rt.a(v5_apijump.c.obj)
                0x0000000003805480                vexSystemExitRequest
 .text.vexDeviceGetByIndex
                0x000000000380549c       0x24 /Users/fezhou/Library/Application Support/Code/User/globalStorage/vexrobotics.vexcode/sdk/cpp/V5/V5_20240802_15_00_00/vexv5/libv5rt.a(v5_apijump.c.obj)
                0x000000000380549c                vexDeviceGetByIndex
 .text.vexControllerGet
                0x00000000038054c0       0x2c /Users/fezhou/Library/Application Support/Code/User/globalStorage/vexrobotics.vexcode/sdk/cpp/V5/V5_20240802_15_00_00/vexv5/libv5rt.a(v5_apijump.c.obj)
                0x00000000038054c0                vexControllerGet
 .text.vexDeviceAdiPortConfigSet
                0x00000000038054ec       0x34 /Users/fezhou/Library/Application Support/Code/User/globalStorage/vexrobotics.vexcode/sdk/cpp/V5/V5_20240802_15_00_00/vexv5/libv5rt.a(v5_apijump.c.obj)
                0x00000000038054ec                vexDeviceAdiPortConfigSet
 .text.vexDeviceAdiPortConfigGet
                0x0000000003805520       0x2c /Users/fezhou/Library/Application Support/Code/User/globalStorage/vexrobotics.vexcode/sdk/cpp/V5/V5_20240802_15_00_00/vexv5/libv5rt.a(v5_apijump.c.obj)
                0x0000000003805520                vexDeviceAdiPortConfigGet
 .text.vexDeviceAdiValueSet
                0x000000000380554c       0x34 /Users/fezhou/Library/Application Support/Code/User/globalStorage/vexrobotics.vexcode/sdk/cpp/V5/V5_20240802_15_00_00/vexv5/libv5rt.a(v5_apijump.c.obj)
                0x000000000380554c                vexDeviceAdiValueSet
 .text.vexDeviceMotorVelocitySet
                0x0000000003805580       0x2c /Users/fezhou/Library/Application Support/Code/User/globalStorage/vexrobotics.vexcode/sdk/cpp/V5/V5_20240802_15_00_00/vexv5/libv5rt.a(v5_apijump.c.obj)
                0x0000000003805580                vexDeviceMotorVelocitySet
 .text.vexDeviceMotorVoltageSet
                0x00000000038055ac       0x2c /Users/fezhou/Library/Application Support/Code/User/globalStorage/vexrobotics.vexcode/sdk/cpp/V5/V5_20240802_15_00_00/vexv5/libv5rt.a(v5_apijump.c.obj)
                0x00000000038055ac                vexDeviceMotorVoltageSet
 .text.vexDeviceMotorActualVelocityGet
                0x00000000038055d8       0x24 /Users/fezhou/Library/Application Support/Code/User/globalStorage/vexrobotics.vexcode/sdk/cpp/V5/V5_20240802_15_00_00/vexv5/libv5rt.a(v5_apijump.c.obj)
                0x00000000038055d8                vexDeviceMotorActualVelocityGet
 .text.vexDeviceMotorReverseFlagSet
                0x00000000038055fc       0x2c /Users/fezhou/Library/Application Support/Code/User/globalStorage/vexrobotics.vexcode/sdk/cpp/V5/V5_20240802_15_00_00/vexv5/libv5rt.a(v5_apijump.c.obj)
                0x00000000038055fc                vexDeviceMotorReverseFlagSet
 .text.vexDeviceMotorEncoderUnitsSet
                0x0000000003805628       0x2c /Users/fezhou/Library/Application Support/Code/User/globalStorage/vexrobotics.vexcode/sdk/cpp/V5/V5_20240802_15_00_00/vexv5/libv5rt.a(v5_apijump.c.obj)
                0x0000000003805628                vexDeviceMotorEncoderUnitsSet
 .text.vexDeviceMotorBrakeModeSet
                0x0000000003805654       0x2c /Users/fezhou/Library/Application Support/Code/User/globalStorage/vexrobotics.vexcode/sdk/cpp/V5/V5_20240802_15_00_00/vexv5/libv5rt.a(v5_apijump.c.obj)
                0x0000000003805654                vexDeviceMotorBrakeModeSet
 .text.vexDeviceMotorPositionSet
                0x0000000003805680       0x34 /Users/fezhou/Library/Application Support/Code/User/globalStorage/vexrobotics.vexcode/sdk/cpp/V5/V5_20240802_15_00_00/vexv5/libv5rt.a(v5_apijump.c.obj)
                0x0000000003805680                vexDeviceMotorPositionSet
 .text.vexDeviceMotorPositionGet
                0x00000000038056b4       0x24 /Users/fezhou/Library/Application Support/Code/User/globalStorage/vexrobotics.vexcode/sdk/cpp/V5/V5_20240802_15_00_00/vexv5/libv5rt.a(v5_apijump.c.obj)
                0x00000000038056b4                vexDeviceMotorPositionGet
 .text.vexDeviceMotorGearingSet
                0x00000000038056d8       0x2c /Users/fezhou/Library/Application Support/Code/User/globalStorage/vexrobotics.vexcode/sdk/cpp/V5/V5_20240802_15_00_00/vexv5/libv5rt.a(v5_apijump.c.obj)
                0x00000000038056d8                vexDeviceMotorGearingSet
 .text.vexDeviceMotorGearingGet
                0x0000000003805704       0x24 /Users/fezhou/Library/Application Support/Code/User/globalStorage/vexrobotics.vexcode/sdk/cpp/V5/V5_20240802_15_00_00/vexv5/libv5rt.a(v5_apijump.c.obj)
                0x0000000003805704                vexDeviceMotorGearingGet
 .text.vexDeviceImuReset
                0x0000000003805728       0x24 /Users/fezhou/Library/Application Support/Code/User/globalStorage/vexrobotics.vexcode/sdk/cpp/V5/V5_20240802_15_00_00/vexv5/libv5rt.a(v5_apijump.c.obj)
                0x0000000003805728                vexDeviceImuReset
 .text.vexDeviceImuHeadingGet
                0x000000000380574c       0x24 /Users/fezhou/Library/Application Support/Code/User/globalStorage/vexrobotics.vexcode/sdk/cpp/V5/V5_20240802_15_00_00/vexv5/libv5rt.a(v5_apijump.c.obj)
                0x000000000380574c                vexDeviceImuHeadingGet
 .text.vexDeviceImuDegreesGet
                0x0000000003805770       0x24 /Users/fezhou/Library/Application Support/Code/User/globalStorage/vexrobotics.vexcode/sdk/cpp/V5/V5_20240802_15_00_00/vexv5/libv5rt.a(v5_apijump.c.obj)
                0x0000000003805770                vexDeviceImuDegreesGet
 .text.vexDeviceImuAttitudeGet
                0x0000000003805794       0x2c /Users/fezhou/Library/Application Support/Code/User/globalStorage/vexrobotics.vexcode/sdk/cpp/V5/V5_20240802_15_00_00/vexv5/libv5rt.a(v5_apijump.c.obj)
                0x0000000003805794                vexDeviceImuAttitudeGet
 .text.vexDeviceImuStatusGet
                0x00000000038057c0       0x24 /Users/fezhou/Library/Application Support/Code/User/globalStorage/vexrobotics.vexcode/sdk/cpp/V5/V5_20240802_15_00_00/vexv5/libv5rt.a(v5_apijump.c.obj)
                0x00000000038057c0                vexDeviceImuStatusGet
 .text.vexDeviceOpticalHueGet
                0x00000000038057e4       0x24 /Users/fezhou/Library/Application Support/Code/User/globalStorage/vexrobotics.vexcode/sdk/cpp/V5/V5_20240802_15_00_00/vexv5/libv5rt.a(v5_apijump.c.obj)
                0x00000000038057e4                vexDeviceOpticalHueGet
 .text.vexDeviceOpticalGestureEnable
                0x0000000003805808       0x24 /Users/fezhou/Library/Application Support/Code/User/globalStorage/vexrobotics.vexcode/sdk/cpp/V5/V5_20240802_15_00_00/vexv5/libv5rt.a(v5_apijump.c.obj)
                0x0000000003805808                vexDeviceOpticalGestureEnable
 .text.vexDeviceOpticalGestureDisable
                0x000000000380582c       0x24 /Users/fezhou/Library/Application Support/Code/User/globalStorage/vexrobotics.vexcode/sdk/cpp/V5/V5_20240802_15_00_00/vexv5/libv5rt.a(v5_apijump.c.obj)
                0x000000000380582c                vexDeviceOpticalGestureDisable
 .text.vexDeviceOpticalProximityThreshold
                0x0000000003805850       0x2c /Users/fezhou/Library/Application Support/Code/User/globalStorage/vexrobotics.vexcode/sdk/cpp/V5/V5_20240802_15_00_00/vexv5/libv5rt.a(v5_apijump.c.obj)
                0x0000000003805850                vexDeviceOpticalProximityThreshold
 .text.vexDisplayForegroundColor
                0x000000000380587c       0x24 /Users/fezhou/Library/Application Support/Code/User/globalStorage/vexrobotics.vexcode/sdk/cpp/V5/V5_20240802_15_00_00/vexv5/libv5rt.a(v5_apijump.c.obj)
                0x000000000380587c                vexDisplayForegroundColor
 .text.vexDisplayBackgroundColor
                0x00000000038058a0       0x24 /Users/fezhou/Library/Application Support/Code/User/globalStorage/vexrobotics.vexcode/sdk/cpp/V5/V5_20240802_15_00_00/vexv5/libv5rt.a(v5_apijump.c.obj)
                0x00000000038058a0                vexDisplayBackgroundColor
 .text.vexDisplayVPrintf
                0x00000000038058c4       0x50 /Users/fezhou/Library/Application Support/Code/User/globalStorage/vexrobotics.vexcode/sdk/cpp/V5/V5_20240802_15_00_00/vexv5/libv5rt.a(v5_apijump.c.obj)
                0x00000000038058c4                vexDisplayVPrintf
 .text.vexDisplayTextReference
                0x0000000003805914       0x24 /Users/fezhou/Library/Application Support/Code/User/globalStorage/vexrobotics.vexcode/sdk/cpp/V5/V5_20240802_15_00_00/vexv5/libv5rt.a(v5_apijump.c.obj)
                0x0000000003805914                vexDisplayTextReference
 .text.vexDisplayTextSize
                0x0000000003805938       0x2c /Users/fezhou/Library/Application Support/Code/User/globalStorage/vexrobotics.vexcode/sdk/cpp/V5/V5_20240802_15_00_00/vexv5/libv5rt.a(v5_apijump.c.obj)
                0x0000000003805938                vexDisplayTextSize
 .text.vexDisplayFontNamedSet
                0x0000000003805964       0x24 /Users/fezhou/Library/Application Support/Code/User/globalStorage/vexrobotics.vexcode/sdk/cpp/V5/V5_20240802_15_00_00/vexv5/libv5rt.a(v5_apijump.c.obj)
                0x0000000003805964                vexDisplayFontNamedSet
 .text.vexDisplayStringWidthGet
                0x0000000003805988       0x24 /Users/fezhou/Library/Application Support/Code/User/globalStorage/vexrobotics.vexcode/sdk/cpp/V5/V5_20240802_15_00_00/vexv5/libv5rt.a(v5_apijump.c.obj)
                0x0000000003805988                vexDisplayStringWidthGet
 .text.vexSystemStdlibImpureDataAddr
                0x00000000038059ac       0x28 /Users/fezhou/Library/Application Support/Code/User/globalStorage/vexrobotics.vexcode/sdk/cpp/V5/V5_20240802_15_00_00/vexv5/libv5rt.a(v5_apijump.c.obj)
                0x00000000038059ac                vexSystemStdlibImpureDataAddr
 .text.vexSystemStdlibImpureDataSize
                0x00000000038059d4       0x28 /Users/fezhou/Library/Application Support/Code/User/globalStorage/vexrobotics.vexcode/sdk/cpp/V5/V5_20240802_15_00_00/vexv5/libv5rt.a(v5_apijump.c.obj)
                0x00000000038059d4                vexSystemStdlibImpureDataSize
 .text.vexSystemSaveUserData
                0x00000000038059fc       0x3c /Users/fezhou/Library/Application Support/Code/User/globalStorage/vexrobotics.vexcode/sdk/cpp/V5/V5_20240802_15_00_00/vexv5/libv5rt.a(v5_apijump.c.obj)
                0x00000000038059fc                vexSystemSaveUserData
 .text.vexDisplayThemeIdGet
                0x0000000003805a38       0x38 /Users/fezhou/Library/Application Support/Code/User/globalStorage/vexrobotics.vexcode/sdk/cpp/V5/V5_20240802_15_00_00/vexv5/libv5rt.a(v5_apijump.c.obj)
                0x0000000003805a38                vexDisplayThemeIdGet
 .text.vexDeviceEventMaskSet
                0x0000000003805a70       0x48 /Users/fezhou/Library/Application Support/Code/User/globalStorage/vexrobotics.vexcode/sdk/cpp/V5/V5_20240802_15_00_00/vexv5/libv5rt.a(v5_apijump.c.obj)
                0x0000000003805a70                vexDeviceEventMaskSet
 .text.vexDeviceEventMaskGet
                0x0000000003805ab8       0x3c /Users/fezhou/Library/Application Support/Code/User/globalStorage/vexrobotics.vexcode/sdk/cpp/V5/V5_20240802_15_00_00/vexv5/libv5rt.a(v5_apijump.c.obj)
                0x0000000003805ab8                vexDeviceEventMaskGet
 .text.vexSystemVersion
                0x0000000003805af4       0x10 /Users/fezhou/Library/Application Support/Code/User/globalStorage/vexrobotics.vexcode/sdk/cpp/V5/V5_20240802_15_00_00/vexv5/libv5rt.a(v5_apiversions.c.obj)
                0x0000000003805af4                vexSystemVersion
 .text.vexStdlibVersion
                0x0000000003805b04       0x10 /Users/fezhou/Library/Application Support/Code/User/globalStorage/vexrobotics.vexcode/sdk/cpp/V5/V5_20240802_15_00_00/vexv5/libv5rt.a(v5_apiversions.c.obj)
                0x0000000003805b04                vexStdlibVersion
 *fill*         0x0000000003805b14        0x4 
 .text._ZN3vex4waitEdNS_9timeUnitsE
                0x0000000003805b18       0x30 /Users/fezhou/Library/Application Support/Code/User/globalStorage/vexrobotics.vexcode/sdk/cpp/V5/V5_20240802_15_00_00/vexv5/libv5rt.a(vex_global.cpp.obj)
                0x0000000003805b18                vex::wait(double, vex::timeUnits)
 .text._ZN3vex5motorD2Ev
                0x0000000003805b48       0x20 /Users/fezhou/Library/Application Support/Code/User/globalStorage/vexrobotics.vexcode/sdk/cpp/V5/V5_20240802_15_00_00/vexv5/libv5rt.a(vex_motor.cpp.obj)
                0x0000000003805b48                vex::motor::~motor()
                0x0000000003805b48                vex::motor::~motor()
 .text._ZN3vex5motorD0Ev
                0x0000000003805b68       0x1c /Users/fezhou/Library/Application Support/Code/User/globalStorage/vexrobotics.vexcode/sdk/cpp/V5/V5_20240802_15_00_00/vexv5/libv5rt.a(vex_motor.cpp.obj)
                0x0000000003805b68                vex::motor::~motor()
 .text._ZN3vex5motor9installedEv
                0x0000000003805b84       0x18 /Users/fezhou/Library/Application Support/Code/User/globalStorage/vexrobotics.vexcode/sdk/cpp/V5/V5_20240802_15_00_00/vexv5/libv5rt.a(vex_motor.cpp.obj)
                0x0000000003805b84                vex::motor::installed()
 .text._ZN3vex5motor15defaultStoppingENS_9brakeTypeE
                0x0000000003805b9c       0x30 /Users/fezhou/Library/Application Support/Code/User/globalStorage/vexrobotics.vexcode/sdk/cpp/V5/V5_20240802_15_00_00/vexv5/libv5rt.a(vex_motor.cpp.obj)
                0x0000000003805b9c                vex::motor::defaultStopping(vex::brakeType)
 .text._ZN3vex5motorC2El
                0x0000000003805bcc       0x78 /Users/fezhou/Library/Application Support/Code/User/globalStorage/vexrobotics.vexcode/sdk/cpp/V5/V5_20240802_15_00_00/vexv5/libv5rt.a(vex_motor.cpp.obj)
                0x0000000003805bcc                vex::motor::motor(long)
                0x0000000003805bcc                vex::motor::motor(long)
 .text._ZN3vex5motorC2ElNS_11gearSettingEb
                0x0000000003805c44       0x34 /Users/fezhou/Library/Application Support/Code/User/globalStorage/vexrobotics.vexcode/sdk/cpp/V5/V5_20240802_15_00_00/vexv5/libv5rt.a(vex_motor.cpp.obj)
                0x0000000003805c44                vex::motor::motor(long, vex::gearSetting, bool)
                0x0000000003805c44                vex::motor::motor(long, vex::gearSetting, bool)
 .text._ZN3vex5motor4spinENS_13directionTypeEdNS_12voltageUnitsE
                0x0000000003805c78       0x50 /Users/fezhou/Library/Application Support/Code/User/globalStorage/vexrobotics.vexcode/sdk/cpp/V5/V5_20240802_15_00_00/vexv5/libv5rt.a(vex_motor.cpp.obj)
                0x0000000003805c78                vex::motor::spin(vex::directionType, double, vex::voltageUnits)
 .text._ZN3vex5motor4stopENS_9brakeTypeE
                0x0000000003805cc8       0x30 /Users/fezhou/Library/Application Support/Code/User/globalStorage/vexrobotics.vexcode/sdk/cpp/V5/V5_20240802_15_00_00/vexv5/libv5rt.a(vex_motor.cpp.obj)
                0x0000000003805cc8                vex::motor::stop(vex::brakeType)
 .text._ZN3vex5motor16velocityToScaledEdNS_13velocityUnitsE
                0x0000000003805cf8       0x5c /Users/fezhou/Library/Application Support/Code/User/globalStorage/vexrobotics.vexcode/sdk/cpp/V5/V5_20240802_15_00_00/vexv5/libv5rt.a(vex_motor.cpp.obj)
                0x0000000003805cf8                vex::motor::velocityToScaled(double, vex::velocityUnits)
 .text._ZN3vex5motor8velocityENS_13velocityUnitsE
                0x0000000003805d54       0x30 /Users/fezhou/Library/Application Support/Code/User/globalStorage/vexrobotics.vexcode/sdk/cpp/V5/V5_20240802_15_00_00/vexv5/libv5rt.a(vex_motor.cpp.obj)
                0x0000000003805d54                vex::motor::velocity(vex::velocityUnits)
 .text._ZN3vex5motor5valueEv
                0x0000000003805d84       0x1c /Users/fezhou/Library/Application Support/Code/User/globalStorage/vexrobotics.vexcode/sdk/cpp/V5/V5_20240802_15_00_00/vexv5/libv5rt.a(vex_motor.cpp.obj)
                0x0000000003805d84                vex::motor::value()
 .text._ZN3vex5motor16setRotationUnitsENS_13rotationUnitsE
                0x0000000003805da0       0x1c /Users/fezhou/Library/Application Support/Code/User/globalStorage/vexrobotics.vexcode/sdk/cpp/V5/V5_20240802_15_00_00/vexv5/libv5rt.a(vex_motor.cpp.obj)
                0x0000000003805da0                vex::motor::setRotationUnits(vex::rotationUnits)
 .text._ZN3vex5motor8positionENS_13rotationUnitsE
                0x0000000003805dbc       0x44 /Users/fezhou/Library/Application Support/Code/User/globalStorage/vexrobotics.vexcode/sdk/cpp/V5/V5_20240802_15_00_00/vexv5/libv5rt.a(vex_motor.cpp.obj)
                0x0000000003805dbc                vex::motor::position(vex::rotationUnits)
 .text._ZN3vex8inertial11getTurnTypeEv
                0x0000000003805e00        0x8 /Users/fezhou/Library/Application Support/Code/User/globalStorage/vexrobotics.vexcode/sdk/cpp/V5/V5_20240802_15_00_00/vexv5/libv5rt.a(vex_imu.cpp.obj)
                0x0000000003805e00                vex::inertial::getTurnType()
 .text._ZThn16_N3vex8inertial11getTurnTypeEv
                0x0000000003805e08        0x8 /Users/fezhou/Library/Application Support/Code/User/globalStorage/vexrobotics.vexcode/sdk/cpp/V5/V5_20240802_15_00_00/vexv5/libv5rt.a(vex_imu.cpp.obj)
                0x0000000003805e08                non-virtual thunk to vex::inertial::getTurnType()
 .text._ZN3vex8inertial10setHeadingEdNS_13rotationUnitsE
                0x0000000003805e10       0x58 /Users/fezhou/Library/Application Support/Code/User/globalStorage/vexrobotics.vexcode/sdk/cpp/V5/V5_20240802_15_00_00/vexv5/libv5rt.a(vex_imu.cpp.obj)
                0x0000000003805e10                vex::inertial::setHeading(double, vex::rotationUnits)
 .text._ZThn16_N3vex8inertial10setHeadingEdNS_13rotationUnitsE
                0x0000000003805e68        0x8 /Users/fezhou/Library/Application Support/Code/User/globalStorage/vexrobotics.vexcode/sdk/cpp/V5/V5_20240802_15_00_00/vexv5/libv5rt.a(vex_imu.cpp.obj)
                0x0000000003805e68                non-virtual thunk to vex::inertial::setHeading(double, vex::rotationUnits)
 .text._ZN3vex8inertial11setRotationEdNS_13rotationUnitsE
                0x0000000003805e70       0x58 /Users/fezhou/Library/Application Support/Code/User/globalStorage/vexrobotics.vexcode/sdk/cpp/V5/V5_20240802_15_00_00/vexv5/libv5rt.a(vex_imu.cpp.obj)
                0x0000000003805e70                vex::inertial::setRotation(double, vex::rotationUnits)
 .text._ZThn16_N3vex8inertial11setRotationEdNS_13rotationUnitsE
                0x0000000003805ec8        0x8 /Users/fezhou/Library/Application Support/Code/User/globalStorage/vexrobotics.vexcode/sdk/cpp/V5/V5_20240802_15_00_00/vexv5/libv5rt.a(vex_imu.cpp.obj)
                0x0000000003805ec8                non-virtual thunk to vex::inertial::setRotation(double, vex::rotationUnits)
 .text._ZN3vex8inertialD2Ev
                0x0000000003805ed0       0x20 /Users/fezhou/Library/Application Support/Code/User/globalStorage/vexrobotics.vexcode/sdk/cpp/V5/V5_20240802_15_00_00/vexv5/libv5rt.a(vex_imu.cpp.obj)
                0x0000000003805ed0                vex::inertial::~inertial()
                0x0000000003805ed0                vex::inertial::~inertial()
 .text._ZThn16_N3vex8inertialD1Ev
                0x0000000003805ef0        0x8 /Users/fezhou/Library/Application Support/Code/User/globalStorage/vexrobotics.vexcode/sdk/cpp/V5/V5_20240802_15_00_00/vexv5/libv5rt.a(vex_imu.cpp.obj)
                0x0000000003805ef0                non-virtual thunk to vex::inertial::~inertial()
 .text._ZN3vex8inertialD0Ev
                0x0000000003805ef8       0x1c /Users/fezhou/Library/Application Support/Code/User/globalStorage/vexrobotics.vexcode/sdk/cpp/V5/V5_20240802_15_00_00/vexv5/libv5rt.a(vex_imu.cpp.obj)
                0x0000000003805ef8                vex::inertial::~inertial()
 .text._ZThn16_N3vex8inertialD0Ev
                0x0000000003805f14        0x8 /Users/fezhou/Library/Application Support/Code/User/globalStorage/vexrobotics.vexcode/sdk/cpp/V5/V5_20240802_15_00_00/vexv5/libv5rt.a(vex_imu.cpp.obj)
                0x0000000003805f14                non-virtual thunk to vex::inertial::~inertial()
 .text._ZN3vex8inertial9installedEv
                0x0000000003805f1c       0x18 /Users/fezhou/Library/Application Support/Code/User/globalStorage/vexrobotics.vexcode/sdk/cpp/V5/V5_20240802_15_00_00/vexv5/libv5rt.a(vex_imu.cpp.obj)
                0x0000000003805f1c                vex::inertial::installed()
 .text._ZN3vex8inertial5angleENS_13rotationUnitsE
                0x0000000003805f34       0x6c /Users/fezhou/Library/Application Support/Code/User/globalStorage/vexrobotics.vexcode/sdk/cpp/V5/V5_20240802_15_00_00/vexv5/libv5rt.a(vex_imu.cpp.obj)
                0x0000000003805f34                vex::inertial::angle(vex::rotationUnits)
 .text._ZThn16_N3vex8inertial5angleENS_13rotationUnitsE
                0x0000000003805fa0        0x8 /Users/fezhou/Library/Application Support/Code/User/globalStorage/vexrobotics.vexcode/sdk/cpp/V5/V5_20240802_15_00_00/vexv5/libv5rt.a(vex_imu.cpp.obj)
                0x0000000003805fa0                non-virtual thunk to vex::inertial::angle(vex::rotationUnits)
 .text._ZN3vex8inertial7headingENS_13rotationUnitsE
                0x0000000003805fa8        0x4 /Users/fezhou/Library/Application Support/Code/User/globalStorage/vexrobotics.vexcode/sdk/cpp/V5/V5_20240802_15_00_00/vexv5/libv5rt.a(vex_imu.cpp.obj)
                0x0000000003805fa8                vex::inertial::heading(vex::rotationUnits)
 .text._ZThn16_N3vex8inertial7headingENS_13rotationUnitsE
                0x0000000003805fac        0x8 /Users/fezhou/Library/Application Support/Code/User/globalStorage/vexrobotics.vexcode/sdk/cpp/V5/V5_20240802_15_00_00/vexv5/libv5rt.a(vex_imu.cpp.obj)
                0x0000000003805fac                non-virtual thunk to vex::inertial::heading(vex::rotationUnits)
 .text._ZN3vex8inertial5valueEv
                0x0000000003805fb4       0x1c /Users/fezhou/Library/Application Support/Code/User/globalStorage/vexrobotics.vexcode/sdk/cpp/V5/V5_20240802_15_00_00/vexv5/libv5rt.a(vex_imu.cpp.obj)
                0x0000000003805fb4                vex::inertial::value()
 .text._ZN3vex8inertial8rotationENS_13rotationUnitsE
                0x0000000003805fd0       0x48 /Users/fezhou/Library/Application Support/Code/User/globalStorage/vexrobotics.vexcode/sdk/cpp/V5/V5_20240802_15_00_00/vexv5/libv5rt.a(vex_imu.cpp.obj)
                0x0000000003805fd0                vex::inertial::rotation(vex::rotationUnits)
 .text._ZThn16_N3vex8inertial8rotationENS_13rotationUnitsE
                0x0000000003806018        0x8 /Users/fezhou/Library/Application Support/Code/User/globalStorage/vexrobotics.vexcode/sdk/cpp/V5/V5_20240802_15_00_00/vexv5/libv5rt.a(vex_imu.cpp.obj)
                0x0000000003806018                non-virtual thunk to vex::inertial::rotation(vex::rotationUnits)
 .text._ZN3vex8inertial13isCalibratingEv
                0x0000000003806020       0x38 /Users/fezhou/Library/Application Support/Code/User/globalStorage/vexrobotics.vexcode/sdk/cpp/V5/V5_20240802_15_00_00/vexv5/libv5rt.a(vex_imu.cpp.obj)
                0x0000000003806020                vex::inertial::isCalibrating()
 .text._ZThn16_N3vex8inertial13isCalibratingEv
                0x0000000003806058        0x8 /Users/fezhou/Library/Application Support/Code/User/globalStorage/vexrobotics.vexcode/sdk/cpp/V5/V5_20240802_15_00_00/vexv5/libv5rt.a(vex_imu.cpp.obj)
                0x0000000003806058                non-virtual thunk to vex::inertial::isCalibrating()
 .text._ZN3vex8inertialC2ElNS_8turnTypeE
                0x0000000003806060       0x4c /Users/fezhou/Library/Application Support/Code/User/globalStorage/vexrobotics.vexcode/sdk/cpp/V5/V5_20240802_15_00_00/vexv5/libv5rt.a(vex_imu.cpp.obj)
                0x0000000003806060                vex::inertial::inertial(long, vex::turnType)
                0x0000000003806060                vex::inertial::inertial(long, vex::turnType)
 *fill*         0x00000000038060ac        0x4 
 .text._ZN3vex8inertial5pitchENS_13rotationUnitsE
                0x00000000038060b0       0x40 /Users/fezhou/Library/Application Support/Code/User/globalStorage/vexrobotics.vexcode/sdk/cpp/V5/V5_20240802_15_00_00/vexv5/libv5rt.a(vex_imu.cpp.obj)
                0x00000000038060b0                vex::inertial::pitch(vex::rotationUnits)
 .text._ZN3vex8inertial13resetRotationEv
                0x00000000038060f0       0x20 /Users/fezhou/Library/Application Support/Code/User/globalStorage/vexrobotics.vexcode/sdk/cpp/V5/V5_20240802_15_00_00/vexv5/libv5rt.a(vex_imu.cpp.obj)
                0x00000000038060f0                vex::inertial::resetRotation()
 .text._ZN3vex8inertial16startCalibrationEl
                0x0000000003806110       0x20 /Users/fezhou/Library/Application Support/Code/User/globalStorage/vexrobotics.vexcode/sdk/cpp/V5/V5_20240802_15_00_00/vexv5/libv5rt.a(vex_imu.cpp.obj)
                0x0000000003806110                vex::inertial::startCalibration(long)
 .text._ZN3vex8inertial9calibrateEl
                0x0000000003806130        0xc /Users/fezhou/Library/Application Support/Code/User/globalStorage/vexrobotics.vexcode/sdk/cpp/V5/V5_20240802_15_00_00/vexv5/libv5rt.a(vex_imu.cpp.obj)
                0x0000000003806130                vex::inertial::calibrate(long)
                0x0000000003806134                non-virtual thunk to vex::inertial::calibrate(long)
 .text._ZN3vex7opticalD2Ev
                0x000000000380613c       0x20 /Users/fezhou/Library/Application Support/Code/User/globalStorage/vexrobotics.vexcode/sdk/cpp/V5/V5_20240802_15_00_00/vexv5/libv5rt.a(vex_optical.cpp.obj)
                0x000000000380613c                vex::optical::~optical()
                0x000000000380613c                vex::optical::~optical()
 .text._ZN3vex7opticalD0Ev
                0x000000000380615c       0x1c /Users/fezhou/Library/Application Support/Code/User/globalStorage/vexrobotics.vexcode/sdk/cpp/V5/V5_20240802_15_00_00/vexv5/libv5rt.a(vex_optical.cpp.obj)
                0x000000000380615c                vex::optical::~optical()
 .text._ZN3vex7optical9installedEv
                0x0000000003806178       0x18 /Users/fezhou/Library/Application Support/Code/User/globalStorage/vexrobotics.vexcode/sdk/cpp/V5/V5_20240802_15_00_00/vexv5/libv5rt.a(vex_optical.cpp.obj)
                0x0000000003806178                vex::optical::installed()
 .text._ZN3vex7optical3hueEv
                0x0000000003806190        0x8 /Users/fezhou/Library/Application Support/Code/User/globalStorage/vexrobotics.vexcode/sdk/cpp/V5/V5_20240802_15_00_00/vexv5/libv5rt.a(vex_optical.cpp.obj)
                0x0000000003806190                vex::optical::hue()
 .text._ZN3vex7optical5valueEv
                0x0000000003806198       0x18 /Users/fezhou/Library/Application Support/Code/User/globalStorage/vexrobotics.vexcode/sdk/cpp/V5/V5_20240802_15_00_00/vexv5/libv5rt.a(vex_optical.cpp.obj)
                0x0000000003806198                vex::optical::value()
 .text._ZN3vex7optical13gestureEnableEv
                0x00000000038061b0        0x8 /Users/fezhou/Library/Application Support/Code/User/globalStorage/vexrobotics.vexcode/sdk/cpp/V5/V5_20240802_15_00_00/vexv5/libv5rt.a(vex_optical.cpp.obj)
                0x00000000038061b0                vex::optical::gestureEnable()
 .text._ZN3vex7optical14gestureDisableEv
                0x00000000038061b8        0x8 /Users/fezhou/Library/Application Support/Code/User/globalStorage/vexrobotics.vexcode/sdk/cpp/V5/V5_20240802_15_00_00/vexv5/libv5rt.a(vex_optical.cpp.obj)
                0x00000000038061b8                vex::optical::gestureDisable()
 .text._ZN3vex7opticalC2Elb
                0x00000000038061c0       0x54 /Users/fezhou/Library/Application Support/Code/User/globalStorage/vexrobotics.vexcode/sdk/cpp/V5/V5_20240802_15_00_00/vexv5/libv5rt.a(vex_optical.cpp.obj)
                0x00000000038061c0                vex::optical::optical(long, bool)
                0x00000000038061c0                vex::optical::optical(long, bool)
 .text._ZN3vex10controllerD2Ev
                0x0000000003806214        0x4 /Users/fezhou/Library/Application Support/Code/User/globalStorage/vexrobotics.vexcode/sdk/cpp/V5/V5_20240802_15_00_00/vexv5/libv5rt.a(vex_controller.cpp.obj)
                0x0000000003806214                vex::controller::~controller()
                0x0000000003806214                vex::controller::~controller()
 .text._ZN3vex10controller5valueE19_V5_ControllerIndex
                0x0000000003806218        0x8 /Users/fezhou/Library/Application Support/Code/User/globalStorage/vexrobotics.vexcode/sdk/cpp/V5/V5_20240802_15_00_00/vexv5/libv5rt.a(vex_controller.cpp.obj)
                0x0000000003806218                vex::controller::value(_V5_ControllerIndex)
 .text._ZNK3vex10controller6button8pressingEv
                0x0000000003806220       0xc8 /Users/fezhou/Library/Application Support/Code/User/globalStorage/vexrobotics.vexcode/sdk/cpp/V5/V5_20240802_15_00_00/vexv5/libv5rt.a(vex_controller.cpp.obj)
                0x0000000003806220                vex::controller::button::pressing() const
 .text._ZNK3vex10controller6button21_buttonToPressedEventEv
                0x00000000038062e8       0x20 /Users/fezhou/Library/Application Support/Code/User/globalStorage/vexrobotics.vexcode/sdk/cpp/V5/V5_20240802_15_00_00/vexv5/libv5rt.a(vex_controller.cpp.obj)
                0x00000000038062e8                vex::controller::button::_buttonToPressedEvent() const
 .text._ZNK3vex10controller6button22_buttonToReleasedEventEv
                0x0000000003806308       0x20 /Users/fezhou/Library/Application Support/Code/User/globalStorage/vexrobotics.vexcode/sdk/cpp/V5/V5_20240802_15_00_00/vexv5/libv5rt.a(vex_controller.cpp.obj)
                0x0000000003806308                vex::controller::button::_buttonToReleasedEvent() const
 .text._ZN3vex10controller6buttonC2ENS0_11tButtonTypeEPS0_
                0x0000000003806328       0x48 /Users/fezhou/Library/Application Support/Code/User/globalStorage/vexrobotics.vexcode/sdk/cpp/V5/V5_20240802_15_00_00/vexv5/libv5rt.a(vex_controller.cpp.obj)
                0x0000000003806328                vex::controller::button::button(vex::controller::tButtonType, vex::controller*)
                0x0000000003806328                vex::controller::button::button(vex::controller::tButtonType, vex::controller*)
 .text._ZNK3vex10controller4axis5valueEv
                0x0000000003806370       0x58 /Users/fezhou/Library/Application Support/Code/User/globalStorage/vexrobotics.vexcode/sdk/cpp/V5/V5_20240802_15_00_00/vexv5/libv5rt.a(vex_controller.cpp.obj)
                0x0000000003806370                vex::controller::axis::value() const
 .text._ZNK3vex10controller4axis23_joystickToChangedEventEv
                0x00000000038063c8       0x20 /Users/fezhou/Library/Application Support/Code/User/globalStorage/vexrobotics.vexcode/sdk/cpp/V5/V5_20240802_15_00_00/vexv5/libv5rt.a(vex_controller.cpp.obj)
                0x00000000038063c8                vex::controller::axis::_joystickToChangedEvent() const
 .text._ZN3vex10controller4axisC2ENS0_9tAxisTypeEPS0_
                0x00000000038063e8       0x2c /Users/fezhou/Library/Application Support/Code/User/globalStorage/vexrobotics.vexcode/sdk/cpp/V5/V5_20240802_15_00_00/vexv5/libv5rt.a(vex_controller.cpp.obj)
                0x00000000038063e8                vex::controller::axis::axis(vex::controller::tAxisType, vex::controller*)
                0x00000000038063e8                vex::controller::axis::axis(vex::controller::tAxisType, vex::controller*)
 .text._ZN3vex10controllerC2ENS_14controllerTypeE
                0x0000000003806414      0x16c /Users/fezhou/Library/Application Support/Code/User/globalStorage/vexrobotics.vexcode/sdk/cpp/V5/V5_20240802_15_00_00/vexv5/libv5rt.a(vex_controller.cpp.obj)
                0x0000000003806414                vex::controller::controller(vex::controllerType)
                0x0000000003806414                vex::controller::controller(vex::controllerType)
 .text._ZN3vex6threadC2EPFivE
                0x0000000003806580       0x5c /Users/fezhou/Library/Application Support/Code/User/globalStorage/vexrobotics.vexcode/sdk/cpp/V5/V5_20240802_15_00_00/vexv5/libv5rt.a(vex_thread.cpp.obj)
                0x0000000003806580                vex::thread::thread(int (*)())
                0x0000000003806580                vex::thread::thread(int (*)())
 .text._ZN3vex11this_thread9sleep_forEm
                0x00000000038065dc        0x4 /Users/fezhou/Library/Application Support/Code/User/globalStorage/vexrobotics.vexcode/sdk/cpp/V5/V5_20240802_15_00_00/vexv5/libv5rt.a(vex_thread.cpp.obj)
                0x00000000038065dc                vex::this_thread::sleep_for(unsigned long)
 .text._ZN3vex5event4initEmmPFvvE
                0x00000000038065e0        0x4 /Users/fezhou/Library/Application Support/Code/User/globalStorage/vexrobotics.vexcode/sdk/cpp/V5/V5_20240802_15_00_00/vexv5/libv5rt.a(vex_event.cpp.obj)
                0x00000000038065e0                vex::event::init(unsigned long, unsigned long, void (*)())
 .text._ZN3vex5event4initEmmPFvPvES1_
                0x00000000038065e4        0x4 /Users/fezhou/Library/Application Support/Code/User/globalStorage/vexrobotics.vexcode/sdk/cpp/V5/V5_20240802_15_00_00/vexv5/libv5rt.a(vex_event.cpp.obj)
                0x00000000038065e4                vex::event::init(unsigned long, unsigned long, void (*)(void*), void*)
 .text._ZN3vex5event9userindexEv
                0x00000000038065e8        0x4 /Users/fezhou/Library/Application Support/Code/User/globalStorage/vexrobotics.vexcode/sdk/cpp/V5/V5_20240802_15_00_00/vexv5/libv5rt.a(vex_event.cpp.obj)
                0x00000000038065e8                vex::event::userindex()
 .text._ZZN3vex6meventC4EmmENUlvE_4_FUNEv
                0x00000000038065ec        0x4 /Users/fezhou/Library/Application Support/Code/User/globalStorage/vexrobotics.vexcode/sdk/cpp/V5/V5_20240802_15_00_00/vexv5/libv5rt.a(vex_mevent.cpp.obj)
 .text._ZN3vex6meventC2Emm
                0x00000000038065f0       0x70 /Users/fezhou/Library/Application Support/Code/User/globalStorage/vexrobotics.vexcode/sdk/cpp/V5/V5_20240802_15_00_00/vexv5/libv5rt.a(vex_mevent.cpp.obj)
                0x00000000038065f0                vex::mevent::mevent(unsigned long, unsigned long)
                0x00000000038065f0                vex::mevent::mevent(unsigned long, unsigned long)
 .text._ZN3vex5brain9_getIndexEv
                0x0000000003806660       0x10 /Users/fezhou/Library/Application Support/Code/User/globalStorage/vexrobotics.vexcode/sdk/cpp/V5/V5_20240802_15_00_00/vexv5/libv5rt.a(vex_brain.cpp.obj)
                0x0000000003806660                vex::brain::_getIndex()
 .text._ZN3vex5brain3lcd9setCursorEll
                0x0000000003806670       0x44 /Users/fezhou/Library/Application Support/Code/User/globalStorage/vexrobotics.vexcode/sdk/cpp/V5/V5_20240802_15_00_00/vexv5/libv5rt.a(vex_brain.cpp.obj)
                0x0000000003806670                vex::brain::lcd::setCursor(long, long)
 .text._ZN3vex5brain3lcd7setFontENS_8fontTypeE
                0x00000000038066b4      0x23c /Users/fezhou/Library/Application Support/Code/User/globalStorage/vexrobotics.vexcode/sdk/cpp/V5/V5_20240802_15_00_00/vexv5/libv5rt.a(vex_brain.cpp.obj)
                0x00000000038066b4                vex::brain::lcd::setFont(vex::fontType)
 .text._ZN3vex5brain3lcdC2Ev
                0x00000000038068f0       0x94 /Users/fezhou/Library/Application Support/Code/User/globalStorage/vexrobotics.vexcode/sdk/cpp/V5/V5_20240802_15_00_00/vexv5/libv5rt.a(vex_brain.cpp.obj)
                0x00000000038068f0                vex::brain::lcd::lcd()
                0x00000000038068f0                vex::brain::lcd::lcd()
 .text._ZN3vex5brainC2Ev
                0x0000000003806984       0x3c /Users/fezhou/Library/Application Support/Code/User/globalStorage/vexrobotics.vexcode/sdk/cpp/V5/V5_20240802_15_00_00/vexv5/libv5rt.a(vex_brain.cpp.obj)
                0x0000000003806984                vex::brain::brain()
                0x0000000003806984                vex::brain::brain()
 .text._ZN3vex5brain3lcd10rowToPixelEl
                0x00000000038069c0       0x34 /Users/fezhou/Library/Application Support/Code/User/globalStorage/vexrobotics.vexcode/sdk/cpp/V5/V5_20240802_15_00_00/vexv5/libv5rt.a(vex_brain.cpp.obj)
                0x00000000038069c0                vex::brain::lcd::rowToPixel(long)
 .text._ZN3vex5brain3lcd5printEPKcz
                0x00000000038069f4       0xb8 /Users/fezhou/Library/Application Support/Code/User/globalStorage/vexrobotics.vexcode/sdk/cpp/V5/V5_20240802_15_00_00/vexv5/libv5rt.a(vex_brain.cpp.obj)
                0x00000000038069f4                vex::brain::lcd::print(char const*, ...)
 .text._ZN3vex5brainD2Ev
                0x0000000003806aac       0x20 /Users/fezhou/Library/Application Support/Code/User/globalStorage/vexrobotics.vexcode/sdk/cpp/V5/V5_20240802_15_00_00/vexv5/libv5rt.a(vex_brain.cpp.obj)
                0x0000000003806aac                vex::brain::~brain()
                0x0000000003806aac                vex::brain::~brain()
 .text._ZN3vex11competition8_disableEPv
                0x0000000003806acc       0xa4 /Users/fezhou/Library/Application Support/Code/User/globalStorage/vexrobotics.vexcode/sdk/cpp/V5/V5_20240802_15_00_00/vexv5/libv5rt.a(vex_competition.cpp.obj)
                0x0000000003806acc                vex::competition::_disable(void*)
 .text._ZN3vex11competition11_autonomousEv
                0x0000000003806b70       0x80 /Users/fezhou/Library/Application Support/Code/User/globalStorage/vexrobotics.vexcode/sdk/cpp/V5/V5_20240802_15_00_00/vexv5/libv5rt.a(vex_competition.cpp.obj)
                0x0000000003806b70                vex::competition::_autonomous()
 .text._ZN3vex11competition14_drivercontrolEv
                0x0000000003806bf0       0x80 /Users/fezhou/Library/Application Support/Code/User/globalStorage/vexrobotics.vexcode/sdk/cpp/V5/V5_20240802_15_00_00/vexv5/libv5rt.a(vex_competition.cpp.obj)
                0x0000000003806bf0                vex::competition::_drivercontrol()
 .text._ZN3vex11competitionC2Ev
                0x0000000003806c70      0x13c /Users/fezhou/Library/Application Support/Code/User/globalStorage/vexrobotics.vexcode/sdk/cpp/V5/V5_20240802_15_00_00/vexv5/libv5rt.a(vex_competition.cpp.obj)
                0x0000000003806c70                vex::competition::competition()
                0x0000000003806c70                vex::competition::competition()
 .text._ZN3vex11competitionD2Ev
                0x0000000003806dac        0x4 /Users/fezhou/Library/Application Support/Code/User/globalStorage/vexrobotics.vexcode/sdk/cpp/V5/V5_20240802_15_00_00/vexv5/libv5rt.a(vex_competition.cpp.obj)
                0x0000000003806dac                vex::competition::~competition()
                0x0000000003806dac                vex::competition::~competition()
 .text._ZN3vex11competition10autonomousEPFvvE
                0x0000000003806db0       0x44 /Users/fezhou/Library/Application Support/Code/User/globalStorage/vexrobotics.vexcode/sdk/cpp/V5/V5_20240802_15_00_00/vexv5/libv5rt.a(vex_competition.cpp.obj)
                0x0000000003806db0                vex::competition::autonomous(void (*)())
 .text._ZN3vex11competition13drivercontrolEPFvvE
                0x0000000003806df4       0x44 /Users/fezhou/Library/Application Support/Code/User/globalStorage/vexrobotics.vexcode/sdk/cpp/V5/V5_20240802_15_00_00/vexv5/libv5rt.a(vex_competition.cpp.obj)
                0x0000000003806df4                vex::competition::drivercontrol(void (*)())
 .text._ZN3vex7triportD2Ev
                0x0000000003806e38       0x38 /Users/fezhou/Library/Application Support/Code/User/globalStorage/vexrobotics.vexcode/sdk/cpp/V5/V5_20240802_15_00_00/vexv5/libv5rt.a(vex_triport.cpp.obj)
                0x0000000003806e38                vex::triport::~triport()
                0x0000000003806e38                vex::triport::~triport()
 .text._ZN3vex7triportD0Ev
                0x0000000003806e70       0x1c /Users/fezhou/Library/Application Support/Code/User/globalStorage/vexrobotics.vexcode/sdk/cpp/V5/V5_20240802_15_00_00/vexv5/libv5rt.a(vex_triport.cpp.obj)
                0x0000000003806e70                vex::triport::~triport()
 .text._ZN3vex7triport9installedEv
                0x0000000003806e8c       0x18 /Users/fezhou/Library/Application Support/Code/User/globalStorage/vexrobotics.vexcode/sdk/cpp/V5/V5_20240802_15_00_00/vexv5/libv5rt.a(vex_triport.cpp.obj)
                0x0000000003806e8c                vex::triport::installed()
 .text._ZN3vex7triport4portC2ElPS0_
                0x0000000003806ea4       0x74 /Users/fezhou/Library/Application Support/Code/User/globalStorage/vexrobotics.vexcode/sdk/cpp/V5/V5_20240802_15_00_00/vexv5/libv5rt.a(vex_triport.cpp.obj)
                0x0000000003806ea4                vex::triport::port::port(long, vex::triport*)
                0x0000000003806ea4                vex::triport::port::port(long, vex::triport*)
 .text._ZN3vex7triportC2El
                0x0000000003806f18       0xf0 /Users/fezhou/Library/Application Support/Code/User/globalStorage/vexrobotics.vexcode/sdk/cpp/V5/V5_20240802_15_00_00/vexv5/libv5rt.a(vex_triport.cpp.obj)
                0x0000000003806f18                vex::triport::triport(long)
                0x0000000003806f18                vex::triport::triport(long)
 .text._ZN3vex7triport4port4typeENS_11triportTypeE
                0x0000000003807008       0x30 /Users/fezhou/Library/Application Support/Code/User/globalStorage/vexrobotics.vexcode/sdk/cpp/V5/V5_20240802_15_00_00/vexv5/libv5rt.a(vex_triport.cpp.obj)
                0x0000000003807008                vex::triport::port::type(vex::triportType)
 .text._ZN3vex7triport4port4typeEv
                0x0000000003807038       0x38 /Users/fezhou/Library/Application Support/Code/User/globalStorage/vexrobotics.vexcode/sdk/cpp/V5/V5_20240802_15_00_00/vexv5/libv5rt.a(vex_triport.cpp.obj)
                0x0000000003807038                vex::triport::port::type()
 .text._ZN3vex7triport4port5valueEl
                0x0000000003807070       0x18 /Users/fezhou/Library/Application Support/Code/User/globalStorage/vexrobotics.vexcode/sdk/cpp/V5/V5_20240802_15_00_00/vexv5/libv5rt.a(vex_triport.cpp.obj)
                0x0000000003807070                vex::triport::port::value(long)
 .text._ZN3vex11__trideviceC2ERNS_7triport4portENS_11triportTypeE
                0x0000000003807088       0x5c /Users/fezhou/Library/Application Support/Code/User/globalStorage/vexrobotics.vexcode/sdk/cpp/V5/V5_20240802_15_00_00/vexv5/libv5rt.a(vex_triport.cpp.obj)
                0x0000000003807088                vex::__tridevice::__tridevice(vex::triport::port&, vex::triportType)
                0x0000000003807088                vex::__tridevice::__tridevice(vex::triport::port&, vex::triportType)
 .text._ZN3vex11digital_outC2ERNS_7triport4portE
                0x00000000038070e4       0x18 /Users/fezhou/Library/Application Support/Code/User/globalStorage/vexrobotics.vexcode/sdk/cpp/V5/V5_20240802_15_00_00/vexv5/libv5rt.a(vex_triport.cpp.obj)
                0x00000000038070e4                vex::digital_out::digital_out(vex::triport::port&)
                0x00000000038070e4                vex::digital_out::digital_out(vex::triport::port&)
 .text._ZN3vex11digital_out3setEb
                0x00000000038070fc        0x8 /Users/fezhou/Library/Application Support/Code/User/globalStorage/vexrobotics.vexcode/sdk/cpp/V5/V5_20240802_15_00_00/vexv5/libv5rt.a(vex_triport.cpp.obj)
                0x00000000038070fc                vex::digital_out::set(bool)
 .text._ZN3vex3ledC2ERNS_7triport4portE
                0x0000000003807104       0x14 /Users/fezhou/Library/Application Support/Code/User/globalStorage/vexrobotics.vexcode/sdk/cpp/V5/V5_20240802_15_00_00/vexv5/libv5rt.a(vex_triport.cpp.obj)
                0x0000000003807104                vex::led::led(vex::triport::port&)
                0x0000000003807104                vex::led::led(vex::triport::port&)
 .text._ZN3vex3ledD2Ev
                0x0000000003807118        0x4 /Users/fezhou/Library/Application Support/Code/User/globalStorage/vexrobotics.vexcode/sdk/cpp/V5/V5_20240802_15_00_00/vexv5/libv5rt.a(vex_triport.cpp.obj)
                0x0000000003807118                vex::led::~led()
                0x0000000003807118                vex::led::~led()
 .text._ZN3vex3led2onEv
                0x000000000380711c        0x8 /Users/fezhou/Library/Application Support/Code/User/globalStorage/vexrobotics.vexcode/sdk/cpp/V5/V5_20240802_15_00_00/vexv5/libv5rt.a(vex_triport.cpp.obj)
                0x000000000380711c                vex::led::on()
 .text._ZN3vex3led3offEv
                0x0000000003807124        0x8 /Users/fezhou/Library/Application Support/Code/User/globalStorage/vexrobotics.vexcode/sdk/cpp/V5/V5_20240802_15_00_00/vexv5/libv5rt.a(vex_triport.cpp.obj)
                0x0000000003807124                vex::led::off()
 .text._ZN3vex5colorD2Ev
                0x000000000380712c        0x4 /Users/fezhou/Library/Application Support/Code/User/globalStorage/vexrobotics.vexcode/sdk/cpp/V5/V5_20240802_15_00_00/vexv5/libv5rt.a(vex_color.cpp.obj)
                0x000000000380712c                vex::color::~color()
                0x000000000380712c                vex::color::~color()
 .text._ZN3vex5colorC2Ehhh
                0x0000000003807130       0x1c /Users/fezhou/Library/Application Support/Code/User/globalStorage/vexrobotics.vexcode/sdk/cpp/V5/V5_20240802_15_00_00/vexv5/libv5rt.a(vex_color.cpp.obj)
                0x0000000003807130                vex::color::color(unsigned char, unsigned char, unsigned char)
                0x0000000003807130                vex::color::color(unsigned char, unsigned char, unsigned char)
 .text.startup._GLOBAL__sub_I__ZN3vex5color5blackE
                0x000000000380714c      0x164 /Users/fezhou/Library/Application Support/Code/User/globalStorage/vexrobotics.vexcode/sdk/cpp/V5/V5_20240802_15_00_00/vexv5/libv5rt.a(vex_color.cpp.obj)
 .text._ZN3vex5timerD2Ev
                0x00000000038072b0        0x4 /Users/fezhou/Library/Application Support/Code/User/globalStorage/vexrobotics.vexcode/sdk/cpp/V5/V5_20240802_15_00_00/vexv5/libv5rt.a(vex_timer.cpp.obj)
                0x00000000038072b0                vex::timer::~timer()
                0x00000000038072b0                vex::timer::~timer()
 .text._ZN3vex5timer5clearEv
                0x00000000038072b4       0x1c /Users/fezhou/Library/Application Support/Code/User/globalStorage/vexrobotics.vexcode/sdk/cpp/V5/V5_20240802_15_00_00/vexv5/libv5rt.a(vex_timer.cpp.obj)
                0x00000000038072b4                vex::timer::clear()
 .text._ZN3vex5timerC2Ev
                0x00000000038072d0       0x14 /Users/fezhou/Library/Application Support/Code/User/globalStorage/vexrobotics.vexcode/sdk/cpp/V5/V5_20240802_15_00_00/vexv5/libv5rt.a(vex_timer.cpp.obj)
                0x00000000038072d0                vex::timer::timer()
                0x00000000038072d0                vex::timer::timer()
 *fill*         0x00000000038072e4        0x4 
 .text._ZNK3vex5timer4timeENS_9timeUnitsE
                0x00000000038072e8       0x40 /Users/fezhou/Library/Application Support/Code/User/globalStorage/vexrobotics.vexcode/sdk/cpp/V5/V5_20240802_15_00_00/vexv5/libv5rt.a(vex_timer.cpp.obj)
                0x00000000038072e8                vex::timer::time(vex::timeUnits) const
 .text._ZNK3vex5timer5valueEv
                0x0000000003807328        0x8 /Users/fezhou/Library/Application Support/Code/User/globalStorage/vexrobotics.vexcode/sdk/cpp/V5/V5_20240802_15_00_00/vexv5/libv5rt.a(vex_timer.cpp.obj)
                0x0000000003807328                vex::timer::value() const
 .text.vexAdiPortConfigSet
                0x0000000003807330       0x28 /Users/fezhou/Library/Application Support/Code/User/globalStorage/vexrobotics.vexcode/sdk/cpp/V5/V5_20240802_15_00_00/vexv5/libv5rt.a(v5_apiuser.c.obj)
                0x0000000003807330                vexAdiPortConfigSet
 .text.vexAdiPortConfigGet
                0x0000000003807358       0x28 /Users/fezhou/Library/Application Support/Code/User/globalStorage/vexrobotics.vexcode/sdk/cpp/V5/V5_20240802_15_00_00/vexv5/libv5rt.a(v5_apiuser.c.obj)
                0x0000000003807358                vexAdiPortConfigGet
 .text.vexAdiValueSet
                0x0000000003807380       0x28 /Users/fezhou/Library/Application Support/Code/User/globalStorage/vexrobotics.vexcode/sdk/cpp/V5/V5_20240802_15_00_00/vexv5/libv5rt.a(v5_apiuser.c.obj)
                0x0000000003807380                vexAdiValueSet
 .text.vexMotorVelocitySet
                0x00000000038073a8       0x20 /Users/fezhou/Library/Application Support/Code/User/globalStorage/vexrobotics.vexcode/sdk/cpp/V5/V5_20240802_15_00_00/vexv5/libv5rt.a(v5_apiuser.c.obj)
                0x00000000038073a8                vexMotorVelocitySet
 .text.vexMotorVoltageSet
                0x00000000038073c8       0x20 /Users/fezhou/Library/Application Support/Code/User/globalStorage/vexrobotics.vexcode/sdk/cpp/V5/V5_20240802_15_00_00/vexv5/libv5rt.a(v5_apiuser.c.obj)
                0x00000000038073c8                vexMotorVoltageSet
 .text.vexMotorActualVelocityGet
                0x00000000038073e8       0x24 /Users/fezhou/Library/Application Support/Code/User/globalStorage/vexrobotics.vexcode/sdk/cpp/V5/V5_20240802_15_00_00/vexv5/libv5rt.a(v5_apiuser.c.obj)
                0x00000000038073e8                vexMotorActualVelocityGet
 .text.vexMotorReverseFlagSet
                0x000000000380740c       0x20 /Users/fezhou/Library/Application Support/Code/User/globalStorage/vexrobotics.vexcode/sdk/cpp/V5/V5_20240802_15_00_00/vexv5/libv5rt.a(v5_apiuser.c.obj)
                0x000000000380740c                vexMotorReverseFlagSet
 .text.vexMotorEncoderUnitsSet
                0x000000000380742c       0x20 /Users/fezhou/Library/Application Support/Code/User/globalStorage/vexrobotics.vexcode/sdk/cpp/V5/V5_20240802_15_00_00/vexv5/libv5rt.a(v5_apiuser.c.obj)
                0x000000000380742c                vexMotorEncoderUnitsSet
 .text.vexMotorBrakeModeSet
                0x000000000380744c       0x20 /Users/fezhou/Library/Application Support/Code/User/globalStorage/vexrobotics.vexcode/sdk/cpp/V5/V5_20240802_15_00_00/vexv5/libv5rt.a(v5_apiuser.c.obj)
                0x000000000380744c                vexMotorBrakeModeSet
 .text.vexMotorPositionSet
                0x000000000380746c       0x28 /Users/fezhou/Library/Application Support/Code/User/globalStorage/vexrobotics.vexcode/sdk/cpp/V5/V5_20240802_15_00_00/vexv5/libv5rt.a(v5_apiuser.c.obj)
                0x000000000380746c                vexMotorPositionSet
 .text.vexMotorPositionGet
                0x0000000003807494       0x24 /Users/fezhou/Library/Application Support/Code/User/globalStorage/vexrobotics.vexcode/sdk/cpp/V5/V5_20240802_15_00_00/vexv5/libv5rt.a(v5_apiuser.c.obj)
                0x0000000003807494                vexMotorPositionGet
 .text.vexMotorGearingSet
                0x00000000038074b8       0x20 /Users/fezhou/Library/Application Support/Code/User/globalStorage/vexrobotics.vexcode/sdk/cpp/V5/V5_20240802_15_00_00/vexv5/libv5rt.a(v5_apiuser.c.obj)
                0x00000000038074b8                vexMotorGearingSet
 .text.vexMotorGearingGet
                0x00000000038074d8       0x18 /Users/fezhou/Library/Application Support/Code/User/globalStorage/vexrobotics.vexcode/sdk/cpp/V5/V5_20240802_15_00_00/vexv5/libv5rt.a(v5_apiuser.c.obj)
                0x00000000038074d8                vexMotorGearingGet
 .text.vexImuReset
                0x00000000038074f0       0x10 /Users/fezhou/Library/Application Support/Code/User/globalStorage/vexrobotics.vexcode/sdk/cpp/V5/V5_20240802_15_00_00/vexv5/libv5rt.a(v5_apiuser.c.obj)
                0x00000000038074f0                vexImuReset
 .text.vexImuHeadingGet
                0x0000000003807500       0x10 /Users/fezhou/Library/Application Support/Code/User/globalStorage/vexrobotics.vexcode/sdk/cpp/V5/V5_20240802_15_00_00/vexv5/libv5rt.a(v5_apiuser.c.obj)
                0x0000000003807500                vexImuHeadingGet
 .text.vexImuDegreesGet
                0x0000000003807510       0x10 /Users/fezhou/Library/Application Support/Code/User/globalStorage/vexrobotics.vexcode/sdk/cpp/V5/V5_20240802_15_00_00/vexv5/libv5rt.a(v5_apiuser.c.obj)
                0x0000000003807510                vexImuDegreesGet
 .text.vexImuAttitudeGet
                0x0000000003807520       0x18 /Users/fezhou/Library/Application Support/Code/User/globalStorage/vexrobotics.vexcode/sdk/cpp/V5/V5_20240802_15_00_00/vexv5/libv5rt.a(v5_apiuser.c.obj)
                0x0000000003807520                vexImuAttitudeGet
 .text.vexImuStatusGet
                0x0000000003807538       0x10 /Users/fezhou/Library/Application Support/Code/User/globalStorage/vexrobotics.vexcode/sdk/cpp/V5/V5_20240802_15_00_00/vexv5/libv5rt.a(v5_apiuser.c.obj)
                0x0000000003807538                vexImuStatusGet
 .text.vexOpticalHueGet
                0x0000000003807548       0x10 /Users/fezhou/Library/Application Support/Code/User/globalStorage/vexrobotics.vexcode/sdk/cpp/V5/V5_20240802_15_00_00/vexv5/libv5rt.a(v5_apiuser.c.obj)
                0x0000000003807548                vexOpticalHueGet
 .text.vexOpticalGestureEnable
                0x0000000003807558       0x10 /Users/fezhou/Library/Application Support/Code/User/globalStorage/vexrobotics.vexcode/sdk/cpp/V5/V5_20240802_15_00_00/vexv5/libv5rt.a(v5_apiuser.c.obj)
                0x0000000003807558                vexOpticalGestureEnable
 .text.vexOpticalGestureDisable
                0x0000000003807568       0x10 /Users/fezhou/Library/Application Support/Code/User/globalStorage/vexrobotics.vexcode/sdk/cpp/V5/V5_20240802_15_00_00/vexv5/libv5rt.a(v5_apiuser.c.obj)
                0x0000000003807568                vexOpticalGestureDisable
 .text.vexOpticalProximityThreshold
                0x0000000003807578       0x18 /Users/fezhou/Library/Application Support/Code/User/globalStorage/vexrobotics.vexcode/sdk/cpp/V5/V5_20240802_15_00_00/vexv5/libv5rt.a(v5_apiuser.c.obj)
                0x0000000003807578                vexOpticalProximityThreshold
 .text.vexEventMaskSet
                0x0000000003807590       0x28 /Users/fezhou/Library/Application Support/Code/User/globalStorage/vexrobotics.vexcode/sdk/cpp/V5/V5_20240802_15_00_00/vexv5/libv5rt.a(v5_apiuser.c.obj)
                0x0000000003807590                vexEventMaskSet
 .text.vexEventMaskGet
                0x00000000038075b8       0x18 /Users/fezhou/Library/Application Support/Code/User/globalStorage/vexrobotics.vexcode/sdk/cpp/V5/V5_20240802_15_00_00/vexv5/libv5rt.a(v5_apiuser.c.obj)
                0x00000000038075b8                vexEventMaskGet
 .text._ZN3vex6deviceD2Ev
                0x00000000038075d0        0x4 /Users/fezhou/Library/Application Support/Code/User/globalStorage/vexrobotics.vexcode/sdk/cpp/V5/V5_20240802_15_00_00/vexv5/libv5rt.a(vex_device.cpp.obj)
                0x00000000038075d0                vex::device::~device()
                0x00000000038075d0                vex::device::~device()
 .text._ZN3vex6device5valueEv
                0x00000000038075d4        0x8 /Users/fezhou/Library/Application Support/Code/User/globalStorage/vexrobotics.vexcode/sdk/cpp/V5/V5_20240802_15_00_00/vexv5/libv5rt.a(vex_device.cpp.obj)
                0x00000000038075d4                vex::device::value()
 .text._ZN3vex6deviceD0Ev
                0x00000000038075dc       0x14 /Users/fezhou/Library/Application Support/Code/User/globalStorage/vexrobotics.vexcode/sdk/cpp/V5/V5_20240802_15_00_00/vexv5/libv5rt.a(vex_device.cpp.obj)
                0x00000000038075dc                vex::device::~device()
 .text._ZN3vex6device4initEl
                0x00000000038075f0       0x30 /Users/fezhou/Library/Application Support/Code/User/globalStorage/vexrobotics.vexcode/sdk/cpp/V5/V5_20240802_15_00_00/vexv5/libv5rt.a(vex_device.cpp.obj)
                0x00000000038075f0                vex::device::init(long)
 .text._ZN3vex6deviceC2El
                0x0000000003807620       0x20 /Users/fezhou/Library/Application Support/Code/User/globalStorage/vexrobotics.vexcode/sdk/cpp/V5/V5_20240802_15_00_00/vexv5/libv5rt.a(vex_device.cpp.obj)
                0x0000000003807620                vex::device::device(long)
                0x0000000003807620                vex::device::device(long)
 .text._ZN3vex6device4typeEv
                0x0000000003807640       0x10 /Users/fezhou/Library/Application Support/Code/User/globalStorage/vexrobotics.vexcode/sdk/cpp/V5/V5_20240802_15_00_00/vexv5/libv5rt.a(vex_device.cpp.obj)
                0x0000000003807640                vex::device::type()
 .text._ZN3vex6device9installedEv
                0x0000000003807650       0x14 /Users/fezhou/Library/Application Support/Code/User/globalStorage/vexrobotics.vexcode/sdk/cpp/V5/V5_20240802_15_00_00/vexv5/libv5rt.a(vex_device.cpp.obj)
                0x0000000003807650                vex::device::installed()
 .text._ZN3vex4taskC2EPFivE
                0x0000000003807664       0x5c /Users/fezhou/Library/Application Support/Code/User/globalStorage/vexrobotics.vexcode/sdk/cpp/V5/V5_20240802_15_00_00/vexv5/libv5rt.a(vex_task.cpp.obj)
                0x0000000003807664                vex::task::task(int (*)())
                0x0000000003807664                vex::task::task(int (*)())
 .text._ZN3vex4taskD2Ev
                0x00000000038076c0        0x4 /Users/fezhou/Library/Application Support/Code/User/globalStorage/vexrobotics.vexcode/sdk/cpp/V5/V5_20240802_15_00_00/vexv5/libv5rt.a(vex_task.cpp.obj)
                0x00000000038076c0                vex::task::~task()
                0x00000000038076c0                vex::task::~task()
 .text._ZN3vex4task4stopEPvi
                0x00000000038076c4       0x1c /Users/fezhou/Library/Application Support/Code/User/globalStorage/vexrobotics.vexcode/sdk/cpp/V5/V5_20240802_15_00_00/vexv5/libv5rt.a(vex_task.cpp.obj)
                0x00000000038076c4                vex::task::stop(void*, int)
 .text._ZN3vex4task6_indexEPFivE
                0x00000000038076e0       0x14 /Users/fezhou/Library/Application Support/Code/User/globalStorage/vexrobotics.vexcode/sdk/cpp/V5/V5_20240802_15_00_00/vexv5/libv5rt.a(vex_task.cpp.obj)
                0x00000000038076e0                vex::task::_index(int (*)())
 .text._ZN3vex4task8_stopAllEv
                0x00000000038076f4       0x3c /Users/fezhou/Library/Application Support/Code/User/globalStorage/vexrobotics.vexcode/sdk/cpp/V5/V5_20240802_15_00_00/vexv5/libv5rt.a(vex_task.cpp.obj)
                0x00000000038076f4                vex::task::_stopAll()
 .text.__libc_fini_array
                0x0000000003807730       0x30 /Users/fezhou/Library/Application Support/Code/User/globalStorage/vexrobotics.vexcode/sdk/cpp/V5/V5_20240802_15_00_00/vexv5/gcc/libs/libc.a(lib_a-fini.o)
                0x0000000003807730                __libc_fini_array
 .text.__libc_init_array
                0x0000000003807760       0x58 /Users/fezhou/Library/Application Support/Code/User/globalStorage/vexrobotics.vexcode/sdk/cpp/V5/V5_20240802_15_00_00/vexv5/gcc/libs/libc.a(lib_a-init.o)
                0x0000000003807760                __libc_init_array
 .text.__libc_init_array.__stub
                0x00000000038077b8       0x20 linker stubs
 *(.gnu.linkonce.t.*)
 *(.plt)
 *(.gnu_warning)
 *(.gcc_except_table)
 *(.glue_7)
 .glue_7        0x00000000038077d8        0x0 linker stubs
 *(.glue_7t)
 .glue_7t       0x00000000038077d8        0x0 linker stubs
 *(.vfp11_veneer)
 .vfp11_veneer  0x00000000038077d8        0x0 linker stubs
 *(.ARM.extab)
 *(.gnu.linkonce.armextab.*)

.v4_bx          0x00000000038077d8        0x0
 .v4_bx         0x00000000038077d8        0x0 linker stubs

.iplt           0x00000000038077d8        0x0
 .iplt          0x00000000038077d8        0x0 build/src/GPS.o

.init
 *(.init)

.fini
 *(.fini)

.rodata         0x00000000038077d8      0x340
                0x00000000038077d8                __rodata_start = .
 *(.rodata)
 *(.rodata.*)
 .rodata.str1.1
                0x00000000038077d8       0x56 build/src/GPS.o
                                         0x70 (size before relaxing)
 .rodata.str1.1
                0x000000000380782e        0xc build/src/PID.o
 .rodata.str1.1
                0x000000000380783a       0x4c build/src/auton-functions.o
                                         0x51 (size before relaxing)
 .rodata.str1.1
                0x0000000003807886       0x2f build/src/autonomous.o
 .rodata.str1.1
                0x00000000038078b5       0x81 build/src/main.o
 .rodata.str1.1
                0x0000000003807936       0x2f build/src/skill.o
 .rodata.str1.1
                0x0000000003807936       0x2e /Users/fezhou/Library/Application Support/Code/User/globalStorage/vexrobotics.vexcode/sdk/cpp/V5/V5_20240802_15_00_00/vexv5/libv5rt.a(v5_startup.c.obj)
 .rodata._ZN3vex6PORT20E
                0x0000000003807964        0x4 /Users/fezhou/Library/Application Support/Code/User/globalStorage/vexrobotics.vexcode/sdk/cpp/V5/V5_20240802_15_00_00/vexv5/libv5rt.a(vex_global.cpp.obj)
                0x0000000003807964                vex::PORT20
 .rodata._ZN3vex5PORT3E
                0x0000000003807968        0x4 /Users/fezhou/Library/Application Support/Code/User/globalStorage/vexrobotics.vexcode/sdk/cpp/V5/V5_20240802_15_00_00/vexv5/libv5rt.a(vex_global.cpp.obj)
                0x0000000003807968                vex::PORT3
 .rodata._ZN3vex5PORT1E
                0x000000000380796c        0x4 /Users/fezhou/Library/Application Support/Code/User/globalStorage/vexrobotics.vexcode/sdk/cpp/V5/V5_20240802_15_00_00/vexv5/libv5rt.a(vex_global.cpp.obj)
                0x000000000380796c                vex::PORT1
 .rodata._ZN3vex6PORT10E
                0x0000000003807970        0x4 /Users/fezhou/Library/Application Support/Code/User/globalStorage/vexrobotics.vexcode/sdk/cpp/V5/V5_20240802_15_00_00/vexv5/libv5rt.a(vex_global.cpp.obj)
                0x0000000003807970                vex::PORT10
 .rodata._ZN3vex3pctE
                0x0000000003807974        0x4 /Users/fezhou/Library/Application Support/Code/User/globalStorage/vexrobotics.vexcode/sdk/cpp/V5/V5_20240802_15_00_00/vexv5/libv5rt.a(vex_global.cpp.obj)
                0x0000000003807974                vex::pct
 .rodata._ZN3vex4msecE
                0x0000000003807978        0x4 /Users/fezhou/Library/Application Support/Code/User/globalStorage/vexrobotics.vexcode/sdk/cpp/V5/V5_20240802_15_00_00/vexv5/libv5rt.a(vex_global.cpp.obj)
                0x0000000003807978                vex::msec
 .rodata._ZN3vex9ratio36_1E
                0x000000000380797c        0x4 /Users/fezhou/Library/Application Support/Code/User/globalStorage/vexrobotics.vexcode/sdk/cpp/V5/V5_20240802_15_00_00/vexv5/libv5rt.a(vex_global.cpp.obj)
                0x000000000380797c                vex::ratio36_1
 .rodata._ZN3vex5PORT9E
                0x0000000003807980        0x4 /Users/fezhou/Library/Application Support/Code/User/globalStorage/vexrobotics.vexcode/sdk/cpp/V5/V5_20240802_15_00_00/vexv5/libv5rt.a(vex_global.cpp.obj)
                0x0000000003807980                vex::PORT9
 .rodata._ZN3vex5PORT2E
                0x0000000003807984        0x4 /Users/fezhou/Library/Application Support/Code/User/globalStorage/vexrobotics.vexcode/sdk/cpp/V5/V5_20240802_15_00_00/vexv5/libv5rt.a(vex_global.cpp.obj)
                0x0000000003807984                vex::PORT2
 .rodata._ZN3vex6PORT11E
                0x0000000003807988        0x4 /Users/fezhou/Library/Application Support/Code/User/globalStorage/vexrobotics.vexcode/sdk/cpp/V5/V5_20240802_15_00_00/vexv5/libv5rt.a(vex_global.cpp.obj)
                0x0000000003807988                vex::PORT11
 .rodata._ZN3vex5PORT6E
                0x000000000380798c        0x4 /Users/fezhou/Library/Application Support/Code/User/globalStorage/vexrobotics.vexcode/sdk/cpp/V5/V5_20240802_15_00_00/vexv5/libv5rt.a(vex_global.cpp.obj)
                0x000000000380798c                vex::PORT6
 .rodata._ZN3vex7primaryE
                0x0000000003807990        0x4 /Users/fezhou/Library/Application Support/Code/User/globalStorage/vexrobotics.vexcode/sdk/cpp/V5/V5_20240802_15_00_00/vexv5/libv5rt.a(vex_global.cpp.obj)
                0x0000000003807990                vex::primary
 .rodata._ZN3vex3degE
                0x0000000003807994        0x4 /Users/fezhou/Library/Application Support/Code/User/globalStorage/vexrobotics.vexcode/sdk/cpp/V5/V5_20240802_15_00_00/vexv5/libv5rt.a(vex_global.cpp.obj)
                0x0000000003807994                vex::deg
 .rodata._ZN3vex6PORT19E
                0x0000000003807998        0x4 /Users/fezhou/Library/Application Support/Code/User/globalStorage/vexrobotics.vexcode/sdk/cpp/V5/V5_20240802_15_00_00/vexv5/libv5rt.a(vex_global.cpp.obj)
                0x0000000003807998                vex::PORT19
 .rodata._ZN3vex6PORT22E
                0x000000000380799c        0x4 /Users/fezhou/Library/Application Support/Code/User/globalStorage/vexrobotics.vexcode/sdk/cpp/V5/V5_20240802_15_00_00/vexv5/libv5rt.a(vex_global.cpp.obj)
                0x000000000380799c                vex::PORT22
 .rodata._ZN3vex5PORT7E
                0x00000000038079a0        0x4 /Users/fezhou/Library/Application Support/Code/User/globalStorage/vexrobotics.vexcode/sdk/cpp/V5/V5_20240802_15_00_00/vexv5/libv5rt.a(vex_global.cpp.obj)
                0x00000000038079a0                vex::PORT7
 .rodata._ZN3vex6PORT16E
                0x00000000038079a4        0x4 /Users/fezhou/Library/Application Support/Code/User/globalStorage/vexrobotics.vexcode/sdk/cpp/V5/V5_20240802_15_00_00/vexv5/libv5rt.a(vex_global.cpp.obj)
                0x00000000038079a4                vex::PORT16
 .rodata._ZN3vex8ratio6_1E
                0x00000000038079a8        0x4 /Users/fezhou/Library/Application Support/Code/User/globalStorage/vexrobotics.vexcode/sdk/cpp/V5/V5_20240802_15_00_00/vexv5/libv5rt.a(vex_global.cpp.obj)
                0x00000000038079a8                vex::ratio6_1
 .rodata._ZN3vex5PORT4E
                0x00000000038079ac        0x4 /Users/fezhou/Library/Application Support/Code/User/globalStorage/vexrobotics.vexcode/sdk/cpp/V5/V5_20240802_15_00_00/vexv5/libv5rt.a(vex_global.cpp.obj)
                0x00000000038079ac                vex::PORT4
 .rodata._ZN3vex6PORT13E
                0x00000000038079b0        0x4 /Users/fezhou/Library/Application Support/Code/User/globalStorage/vexrobotics.vexcode/sdk/cpp/V5/V5_20240802_15_00_00/vexv5/libv5rt.a(vex_global.cpp.obj)
                0x00000000038079b0                vex::PORT13
 .rodata._ZN3vex5PORT8E
                0x00000000038079b4        0x4 /Users/fezhou/Library/Application Support/Code/User/globalStorage/vexrobotics.vexcode/sdk/cpp/V5/V5_20240802_15_00_00/vexv5/libv5rt.a(vex_global.cpp.obj)
                0x00000000038079b4                vex::PORT8
 .rodata._ZTVN3vex5motorE
                0x00000000038079b8       0x18 /Users/fezhou/Library/Application Support/Code/User/globalStorage/vexrobotics.vexcode/sdk/cpp/V5/V5_20240802_15_00_00/vexv5/libv5rt.a(vex_motor.cpp.obj)
                0x00000000038079b8                vtable for vex::motor
 .rodata._ZTVN3vex8inertialE
                0x00000000038079d0       0x68 /Users/fezhou/Library/Application Support/Code/User/globalStorage/vexrobotics.vexcode/sdk/cpp/V5/V5_20240802_15_00_00/vexv5/libv5rt.a(vex_imu.cpp.obj)
                0x00000000038079d0                vtable for vex::inertial
 .rodata._ZTVN3vex7opticalE
                0x0000000003807a38       0x18 /Users/fezhou/Library/Application Support/Code/User/globalStorage/vexrobotics.vexcode/sdk/cpp/V5/V5_20240802_15_00_00/vexv5/libv5rt.a(vex_optical.cpp.obj)
                0x0000000003807a38                vtable for vex::optical
 .rodata.CSWTCH.16
                0x0000000003807a50        0xb /Users/fezhou/Library/Application Support/Code/User/globalStorage/vexrobotics.vexcode/sdk/cpp/V5/V5_20240802_15_00_00/vexv5/libv5rt.a(vex_controller.cpp.obj)
 .rodata.CSWTCH.18
                0x0000000003807a5b        0xb /Users/fezhou/Library/Application Support/Code/User/globalStorage/vexrobotics.vexcode/sdk/cpp/V5/V5_20240802_15_00_00/vexv5/libv5rt.a(vex_controller.cpp.obj)
 .rodata.CSWTCH.24
                0x0000000003807a66        0x3 /Users/fezhou/Library/Application Support/Code/User/globalStorage/vexrobotics.vexcode/sdk/cpp/V5/V5_20240802_15_00_00/vexv5/libv5rt.a(vex_controller.cpp.obj)
 .rodata.str1.1
                0x0000000003807a69       0x14 /Users/fezhou/Library/Application Support/Code/User/globalStorage/vexrobotics.vexcode/sdk/cpp/V5/V5_20240802_15_00_00/vexv5/libv5rt.a(vex_thread.cpp.obj)
 .rodata.str1.1
                0x0000000003807a7d       0x2d /Users/fezhou/Library/Application Support/Code/User/globalStorage/vexrobotics.vexcode/sdk/cpp/V5/V5_20240802_15_00_00/vexv5/libv5rt.a(vex_brain.cpp.obj)
 *fill*         0x0000000003807aaa        0x6 
 .rodata._ZTVN3vex7triportE
                0x0000000003807ab0       0x18 /Users/fezhou/Library/Application Support/Code/User/globalStorage/vexrobotics.vexcode/sdk/cpp/V5/V5_20240802_15_00_00/vexv5/libv5rt.a(vex_triport.cpp.obj)
                0x0000000003807ab0                vtable for vex::triport
 .rodata.CSWTCH.39
                0x0000000003807ac8        0xe /Users/fezhou/Library/Application Support/Code/User/globalStorage/vexrobotics.vexcode/sdk/cpp/V5/V5_20240802_15_00_00/vexv5/libv5rt.a(vex_triport.cpp.obj)
 .rodata.CSWTCH.44
                0x0000000003807ad6       0x10 /Users/fezhou/Library/Application Support/Code/User/globalStorage/vexrobotics.vexcode/sdk/cpp/V5/V5_20240802_15_00_00/vexv5/libv5rt.a(vex_triport.cpp.obj)
 *fill*         0x0000000003807ae6        0x2 
 .rodata._ZTVN3vex6deviceE